
127.0.0.1 - - [17/Jul/2023:00:14:14 +0300] "DELETE /admin/users/delete/3 HTTP/1.1" 200 -
::1 - - [17/Jul/2023:00:14:16 +0300] "GET /phpmyadmin/index.php?route=/sql&db=myfiles&table=user&pos=0 HTTP/1.1" 200 20946
::1 - - [17/Jul/2023:00:14:17 +0300] "POST /phpmyadmin/index.php?route=/config/get HTTP/1.1" 200 1636
::1 - - [17/Jul/2023:00:14:17 +0300] "POST /phpmyadmin/index.php?route=/navigation&ajax_request=1 HTTP/1.1" 200 2977
::1 - - [17/Jul/2023:00:14:17 +0300] "POST /phpmyadmin/index.php?route=/config/get HTTP/1.1" 200 1729
::1 - - [17/Jul/2023:00:14:17 +0300] "GET /phpmyadmin/index.php?route=/recent-table&ajax_request=1&recent_table=1&no_debug=true&_nocache=168954205722590592&token=65322c23596123742931534f683f6338 HTTP/1.1" 200 1691
::1 - - [17/Jul/2023:00:14:17 +0300] "POST /phpmyadmin/index.php?route=/config/set HTTP/1.1" 200 1627
127.0.0.1 - - [17/Jul/2023:00:14:49 +0300] "DELETE /admin/users/delete/3 HTTP/1.1" 200 1
::1 - - [17/Jul/2023:00:15:07 +0300] "GET /phpmyadmin/index.php?route=/sql&db=myfiles&table=user&pos=0 HTTP/1.1" 200 20908
::1 - - [17/Jul/2023:00:15:08 +0300] "POST /phpmyadmin/index.php?route=/config/get HTTP/1.1" 200 1636
::1 - - [17/Jul/2023:00:15:08 +0300] "POST /phpmyadmin/index.php?route=/navigation&ajax_request=1 HTTP/1.1" 200 2977
::1 - - [17/Jul/2023:00:15:09 +0300] "GET /phpmyadmin/index.php?route=/recent-table&ajax_request=1&recent_table=1&no_debug=true&_nocache=1689542109012758747&token=65322c23596123742931534f683f6338 HTTP/1.1" 200 1691
::1 - - [17/Jul/2023:00:15:08 +0300] "POST /phpmyadmin/index.php?route=/config/get HTTP/1.1" 200 1729
::1 - - [17/Jul/2023:00:15:09 +0300] "POST /phpmyadmin/index.php?route=/config/set HTTP/1.1" 200 1627
127.0.0.1 - - [17/Jul/2023:00:21:18 +0300] "DELETE /admin/users/delete/3 HTTP/1.1" 200 1
::1 - - [17/Jul/2023:00:21:25 +0300] "GET /phpmyadmin/themes/pmahomme/img/s_unlink.png HTTP/1.1" 200 589
127.0.0.1 - - [17/Jul/2023:00:21:27 +0300] "DELETE /admin/users/delete/3 HTTP/1.1" 200 1
::1 - - [17/Jul/2023:00:21:28 +0300] "GET /phpmyadmin/index.php?route=/sql&db=myfiles&table=user&pos=0 HTTP/1.1" 200 20951
::1 - - [17/Jul/2023:00:21:29 +0300] "POST /phpmyadmin/index.php?route=/config/get HTTP/1.1" 200 1636
::1 - - [17/Jul/2023:00:21:29 +0300] "POST /phpmyadmin/index.php?route=/config/get HTTP/1.1" 200 1729
::1 - - [17/Jul/2023:00:21:29 +0300] "POST /phpmyadmin/index.php?route=/navigation&ajax_request=1 HTTP/1.1" 200 2977
::1 - - [17/Jul/2023:00:21:29 +0300] "GET /phpmyadmin/index.php?route=/recent-table&ajax_request=1&recent_table=1&no_debug=true&_nocache=1689542489880962658&token=65322c23596123742931534f683f6338 HTTP/1.1" 200 1691
::1 - - [17/Jul/2023:00:21:30 +0300] "POST /phpmyadmin/index.php?route=/config/set HTTP/1.1" 200 1627
127.0.0.1 - - [17/Jul/2023:00:22:17 +0300] "PUT /admin/users/update/2 HTTP/1.1" 200 396
127.0.0.1 - - [17/Jul/2023:00:22:58 +0300] "PUT /admin/users/update/2 HTTP/1.1" 200 419
127.0.0.1 - - [17/Jul/2023:00:23:16 +0300] "PUT /admin/users/update/ HTTP/1.1" 404 -
127.0.0.1 - - [17/Jul/2023:00:23:32 +0300] "PUT /admin/users/update/2 HTTP/1.1" 200 419
127.0.0.1 - - [17/Jul/2023:00:23:44 +0300] "PUT /admin/users/update/2 HTTP/1.1" 200 290
127.0.0.1 - - [17/Jul/2023:00:24:18 +0300] "PUT /admin/users/update/2 HTTP/1.1" 200 290
127.0.0.1 - - [17/Jul/2023:00:25:11 +0300] "PUT /admin/users/update/2 HTTP/1.1" 200 98
127.0.0.1 - - [17/Jul/2023:00:25:32 +0300] "PUT /admin/users/update/2 HTTP/1.1" 200 -
::1 - - [17/Jul/2023:00:25:34 +0300] "GET /phpmyadmin/index.php?route=/sql&db=myfiles&table=user&pos=0 HTTP/1.1" 200 20978
::1 - - [17/Jul/2023:00:25:35 +0300] "POST /phpmyadmin/index.php?route=/config/get HTTP/1.1" 200 1636
::1 - - [17/Jul/2023:00:25:35 +0300] "GET /phpmyadmin/index.php?route=/recent-table&ajax_request=1&recent_table=1&no_debug=true&_nocache=1689542735264974744&token=65322c23596123742931534f683f6338 HTTP/1.1" 200 1691
::1 - - [17/Jul/2023:00:25:35 +0300] "POST /phpmyadmin/index.php?route=/navigation&ajax_request=1 HTTP/1.1" 200 2977
::1 - - [17/Jul/2023:00:25:35 +0300] "POST /phpmyadmin/index.php?route=/config/get HTTP/1.1" 200 1729
::1 - - [17/Jul/2023:00:25:36 +0300] "POST /phpmyadmin/index.php?route=/config/set HTTP/1.1" 200 1627
127.0.0.1 - - [18/Jul/2023:22:38:43 +0300] "PUT /users/update HTTP/1.1" 200 606
127.0.0.1 - - [18/Jul/2023:22:42:16 +0300] "PUT /users/update HTTP/1.1" 200 606
127.0.0.1 - - [18/Jul/2023:22:43:38 +0300] "PUT /users/update HTTP/1.1" 200 606
127.0.0.1 - - [18/Jul/2023:22:44:27 +0300] "PUT /users/update HTTP/1.1" 200 606
::1 - - [18/Jul/2023:22:44:29 +0300] "POST /phpmyadmin/index.php?route=/ HTTP/1.1" 200 1793
127.0.0.1 - - [18/Jul/2023:22:45:09 +0300] "PUT /users/update HTTP/1.1" 200 606
127.0.0.1 - - [18/Jul/2023:22:49:51 +0300] "PUT /users/update HTTP/1.1" 200 606
127.0.0.1 - - [18/Jul/2023:22:49:59 +0300] "PUT /users/update HTTP/1.1" 200 606
::1 - - [18/Jul/2023:22:50:03 +0300] "GET /phpmyadmin/index.php?route=/sql&pos=0&db=myfiles&table=user HTTP/1.1" 200 19885
::1 - - [18/Jul/2023:22:50:08 +0300] "GET /phpmyadmin/js/messages.php?l=ru&v=5.2.1 HTTP/1.1" 200 12854
::1 - - [18/Jul/2023:22:50:09 +0300] "POST /phpmyadmin/index.php?route=/config/get HTTP/1.1" 200 1633
::1 - - [18/Jul/2023:22:50:10 +0300] "POST /phpmyadmin/index.php?route=/config/get HTTP/1.1" 200 1727
::1 - - [18/Jul/2023:22:50:09 +0300] "POST /phpmyadmin/index.php?route=/navigation&ajax_request=1 HTTP/1.1" 200 2981
::1 - - [18/Jul/2023:22:50:10 +0300] "GET /phpmyadmin/index.php?route=/recent-table&ajax_request=1&recent_table=1&no_debug=true&_nocache=1689709810034359297&token=6c4f4a6323463f33475042612b3e4825 HTTP/1.1" 200 1695
::1 - - [18/Jul/2023:22:50:10 +0300] "POST /phpmyadmin/index.php?route=/config/set HTTP/1.1" 200 1624
127.0.0.1 - - [18/Jul/2023:22:50:16 +0300] "PUT /users/update HTTP/1.1" 200 607
::1 - - [18/Jul/2023:22:50:22 +0300] "GET /phpmyadmin/index.php?route=/sql&pos=0&db=myfiles&table=user HTTP/1.1" 200 19927
::1 - - [18/Jul/2023:22:50:23 +0300] "POST /phpmyadmin/index.php?route=/config/get HTTP/1.1" 200 1633
::1 - - [18/Jul/2023:22:50:23 +0300] "GET /phpmyadmin/index.php?route=/recent-table&ajax_request=1&recent_table=1&no_debug=true&_nocache=1689709823320385103&token=6c4f4a6323463f33475042612b3e4825 HTTP/1.1" 200 1695
::1 - - [18/Jul/2023:22:50:23 +0300] "POST /phpmyadmin/index.php?route=/config/get HTTP/1.1" 200 1727
::1 - - [18/Jul/2023:22:50:23 +0300] "POST /phpmyadmin/index.php?route=/navigation&ajax_request=1 HTTP/1.1" 200 2981
::1 - - [18/Jul/2023:22:50:24 +0300] "POST /phpmyadmin/index.php?route=/config/set HTTP/1.1" 200 1624
127.0.0.1 - - [18/Jul/2023:22:50:47 +0300] "PUT /users/update HTTP/1.1" 200 458
127.0.0.1 - - [18/Jul/2023:22:50:59 +0300] "PUT /users/update HTTP/1.1" 200 458
127.0.0.1 - - [18/Jul/2023:22:51:01 +0300] "PUT /users/update HTTP/1.1" 200 458
127.0.0.1 - - [18/Jul/2023:22:51:45 +0300] "PUT /users/update HTTP/1.1" 200 -
127.0.0.1 - - [18/Jul/2023:22:51:47 +0300] "PUT /users/update HTTP/1.1" 200 -
127.0.0.1 - - [18/Jul/2023:22:51:57 +0300] "PUT /users/update HTTP/1.1" 200 -
::1 - - [18/Jul/2023:22:52:01 +0300] "GET /phpmyadmin/index.php?route=/sql&pos=0&db=myfiles&table=user HTTP/1.1" 200 19936
::1 - - [18/Jul/2023:22:52:02 +0300] "POST /phpmyadmin/index.php?route=/config/get HTTP/1.1" 200 1727
::1 - - [18/Jul/2023:22:52:02 +0300] "POST /phpmyadmin/index.php?route=/navigation&ajax_request=1 HTTP/1.1" 200 2981
::1 - - [18/Jul/2023:22:52:02 +0300] "GET /phpmyadmin/index.php?route=/recent-table&ajax_request=1&recent_table=1&no_debug=true&_nocache=1689709922793799164&token=6c4f4a6323463f33475042612b3e4825 HTTP/1.1" 200 1695
::1 - - [18/Jul/2023:22:52:02 +0300] "POST /phpmyadmin/index.php?route=/config/get HTTP/1.1" 200 1633
::1 - - [18/Jul/2023:22:52:03 +0300] "POST /phpmyadmin/index.php?route=/config/set HTTP/1.1" 200 1624
127.0.0.1 - - [18/Jul/2023:22:52:15 +0300] "PUT /users/update HTTP/1.1" 200 458
127.0.0.1 - - [18/Jul/2023:22:53:39 +0300] "PUT /users/update HTTP/1.1" 200 458
127.0.0.1 - - [18/Jul/2023:22:54:01 +0300] "PUT /users/update HTTP/1.1" 200 714
127.0.0.1 - - [18/Jul/2023:22:55:28 +0300] "PUT /users/update HTTP/1.1" 200 714
::1 - - [18/Jul/2023:22:55:36 +0300] "POST /phpmyadmin/index.php?route=/sql HTTP/1.1" 200 5608
::1 - - [18/Jul/2023:22:55:39 +0300] "POST /phpmyadmin/index.php?route=/sql HTTP/1.1" 200 5608
::1 - - [18/Jul/2023:22:55:46 +0300] "POST /phpmyadmin/index.php?route=/table/replace HTTP/1.1" 200 2265
::1 - - [18/Jul/2023:22:55:52 +0300] "GET /phpmyadmin/index.php?route=/sql&pos=0&db=myfiles&table=user HTTP/1.1" 200 19865
::1 - - [18/Jul/2023:22:55:53 +0300] "POST /phpmyadmin/index.php?route=/config/get HTTP/1.1" 200 1633
::1 - - [18/Jul/2023:22:55:53 +0300] "POST /phpmyadmin/index.php?route=/config/get HTTP/1.1" 200 1727
::1 - - [18/Jul/2023:22:55:53 +0300] "GET /phpmyadmin/index.php?route=/recent-table&ajax_request=1&recent_table=1&no_debug=true&_nocache=1689710153358405526&token=6c4f4a6323463f33475042612b3e4825 HTTP/1.1" 200 1695
::1 - - [18/Jul/2023:22:55:53 +0300] "POST /phpmyadmin/index.php?route=/navigation&ajax_request=1 HTTP/1.1" 200 2981
::1 - - [18/Jul/2023:22:55:54 +0300] "POST /phpmyadmin/index.php?route=/config/set HTTP/1.1" 200 1624
::1 - - [18/Jul/2023:22:55:54 +0300] "POST /phpmyadmin/index.php?route=/navigation&ajax_request=1 HTTP/1.1" 200 2137
::1 - - [18/Jul/2023:22:55:55 +0300] "GET /phpmyadmin/index.php?route=/sql&pos=0&db=myfiles&table=user&ajax_request=true&ajax_page_request=true&_nocache=168971015551497959&token=6c4f4a6323463f33475042612b3e4825 HTTP/1.1" 200 9407
::1 - - [18/Jul/2023:22:55:56 +0300] "GET /phpmyadmin/index.php?route=/recent-table&ajax_request=1&recent_table=1&no_debug=true&_nocache=1689710156285864293&token=6c4f4a6323463f33475042612b3e4825 HTTP/1.1" 200 1695
::1 - - [18/Jul/2023:22:56:00 +0300] "GET /phpmyadmin/index.php?route=/database/operations&db=myfiles&ajax_request=true&ajax_page_request=true&_nocache=168971016070919523&token=6c4f4a6323463f33475042612b3e4825 HTTP/1.1" 200 8923
::1 - - [18/Jul/2023:22:56:01 +0300] "GET /phpmyadmin/themes/pmahomme/img/b_deltbl.png HTTP/1.1" 200 577
::1 - - [18/Jul/2023:22:56:01 +0300] "GET /phpmyadmin/themes/pmahomme/img/b_comment.png HTTP/1.1" 200 342
::1 - - [18/Jul/2023:22:56:01 +0300] "GET /phpmyadmin/js/dist/database/operations.js?v=5.2.1 HTTP/1.1" 200 5749
::1 - - [18/Jul/2023:22:56:01 +0300] "POST /phpmyadmin/index.php?route=/navigation&ajax_request=1 HTTP/1.1" 200 2981
::1 - - [18/Jul/2023:22:56:04 +0300] "GET /phpmyadmin/index.php?route=/database/structure&db=myfiles&ajax_request=true&ajax_page_request=true&_nocache=1689710164822886322&token=6c4f4a6323463f33475042612b3e4825 HTTP/1.1" 200 6812
::1 - - [18/Jul/2023:22:56:05 +0300] "POST /phpmyadmin/index.php?route=/navigation&ajax_request=1 HTTP/1.1" 200 2646
::1 - - [18/Jul/2023:22:56:06 +0300] "POST /phpmyadmin/index.php?route=/navigation&ajax_request=1 HTTP/1.1" 200 2137
::1 - - [18/Jul/2023:22:56:08 +0300] "GET /phpmyadmin/index.php?route=/sql/get-default-fk-check-value&ajax_request=true&server=1&_nocache=1689710168535631342&token=6c4f4a6323463f33475042612b3e4825 HTTP/1.1" 200 1654
::1 - - [18/Jul/2023:22:56:11 +0300] "POST /phpmyadmin/index.php?route=/sql HTTP/1.1" 200 2248
::1 - - [18/Jul/2023:22:56:11 +0300] "POST /phpmyadmin/index.php?route=/navigation&ajax_request=1 HTTP/1.1" 200 2663
127.0.0.1 - - [18/Jul/2023:22:56:21 +0300] "PUT /users/update HTTP/1.1" 200 714
::1 - - [18/Jul/2023:22:56:24 +0300] "GET /phpmyadmin/index.php?route=/database/structure&db=myfiles HTTP/1.1" 200 17596
::1 - - [18/Jul/2023:22:56:25 +0300] "POST /phpmyadmin/index.php?route=/config/get HTTP/1.1" 200 1633
::1 - - [18/Jul/2023:22:56:25 +0300] "POST /phpmyadmin/index.php?route=/navigation&ajax_request=1 HTTP/1.1" 200 2981
::1 - - [18/Jul/2023:22:56:25 +0300] "POST /phpmyadmin/index.php?route=/config/get HTTP/1.1" 200 1727
::1 - - [18/Jul/2023:22:56:26 +0300] "POST /phpmyadmin/index.php?route=/config/set HTTP/1.1" 200 1624
::1 - - [18/Jul/2023:22:56:28 +0300] "GET /phpmyadmin/index.php?route=/sql&pos=0&db=myfiles&table=user&ajax_request=true&ajax_page_request=true&_nocache=1689710188189779674&token=6c4f4a6323463f33475042612b3e4825 HTTP/1.1" 200 9561
::1 - - [18/Jul/2023:22:56:28 +0300] "GET /phpmyadmin/index.php?route=/recent-table&ajax_request=1&recent_table=1&no_debug=true&_nocache=1689710188933125313&token=6c4f4a6323463f33475042612b3e4825 HTTP/1.1" 200 1695
::1 - - [18/Jul/2023:22:56:33 +0300] "POST /phpmyadmin/index.php?route=/sql HTTP/1.1" 200 5615
::1 - - [18/Jul/2023:22:56:36 +0300] "POST /phpmyadmin/index.php?route=/sql HTTP/1.1" 200 5615
127.0.0.1 - - [18/Jul/2023:23:17:53 +0300] "PUT /users/update HTTP/1.1" 200 714
127.0.0.1 - - [18/Jul/2023:23:18:07 +0300] "PUT /users/update HTTP/1.1" 200 714
::1 - - [18/Jul/2023:23:18:10 +0300] "GET /phpmyadmin/index.php?route=/sql&pos=0&db=myfiles&table=user HTTP/1.1" 200 20053
::1 - - [18/Jul/2023:23:18:11 +0300] "POST /phpmyadmin/index.php?route=/config/get HTTP/1.1" 200 1633
::1 - - [18/Jul/2023:23:18:11 +0300] "POST /phpmyadmin/index.php?route=/navigation&ajax_request=1 HTTP/1.1" 200 2981
::1 - - [18/Jul/2023:23:18:11 +0300] "POST /phpmyadmin/index.php?route=/config/get HTTP/1.1" 200 1727
::1 - - [18/Jul/2023:23:18:11 +0300] "GET /phpmyadmin/index.php?route=/recent-table&ajax_request=1&recent_table=1&no_debug=true&_nocache=1689711491755983522&token=6c4f4a6323463f33475042612b3e4825 HTTP/1.1" 200 1695
::1 - - [18/Jul/2023:23:18:13 +0300] "POST /phpmyadmin/index.php?route=/config/set HTTP/1.1" 200 1624
127.0.0.1 - - [18/Jul/2023:23:19:25 +0300] "PUT /users/update HTTP/1.1" 200 714
127.0.0.1 - - [18/Jul/2023:23:19:49 +0300] "PUT /users/list HTTP/1.1" 404 -
::1 - - [18/Jul/2023:23:19:57 +0300] "GET /phpmyadmin/index.php?route=/sql&pos=0&db=myfiles&table=user HTTP/1.1" 200 20057
::1 - - [18/Jul/2023:23:19:59 +0300] "POST /phpmyadmin/index.php?route=/config/get HTTP/1.1" 200 1633
::1 - - [18/Jul/2023:23:19:59 +0300] "POST /phpmyadmin/index.php?route=/navigation&ajax_request=1 HTTP/1.1" 200 2981
::1 - - [18/Jul/2023:23:19:59 +0300] "GET /phpmyadmin/index.php?route=/recent-table&ajax_request=1&recent_table=1&no_debug=true&_nocache=1689711599294360785&token=6c4f4a6323463f33475042612b3e4825 HTTP/1.1" 200 1695
::1 - - [18/Jul/2023:23:19:59 +0300] "POST /phpmyadmin/index.php?route=/config/get HTTP/1.1" 200 1727
::1 - - [18/Jul/2023:23:20:00 +0300] "POST /phpmyadmin/index.php?route=/config/set HTTP/1.1" 200 1624
127.0.0.1 - - [18/Jul/2023:23:20:25 +0300] "PUT /users/list HTTP/1.1" 404 -
127.0.0.1 - - [18/Jul/2023:23:20:33 +0300] "GET /users/list HTTP/1.1" 200 184
127.0.0.1 - - [18/Jul/2023:23:20:51 +0300] "GET /users/list HTTP/1.1" 200 48
127.0.0.1 - - [18/Jul/2023:23:21:40 +0300] "GET /users/get/65 HTTP/1.1" 200 48
127.0.0.1 - - [18/Jul/2023:23:22:31 +0300] "GET /users/get/65 HTTP/1.1" 200 48
127.0.0.1 - - [18/Jul/2023:23:22:48 +0300] "GET /users/update HTTP/1.1" 404 -
127.0.0.1 - - [18/Jul/2023:23:22:57 +0300] "PUT /users/update HTTP/1.1" 200 714
127.0.0.1 - - [18/Jul/2023:23:23:42 +0300] "PUT /users/update HTTP/1.1" 200 1197
127.0.0.1 - - [18/Jul/2023:23:24:09 +0300] "POST /users/login HTTP/1.1" 200 -
127.0.0.1 - - [18/Jul/2023:23:24:56 +0300] "POST /users/login HTTP/1.1" 200 -
127.0.0.1 - - [18/Jul/2023:23:25:16 +0300] "POST /users/login HTTP/1.1" 200 5
127.0.0.1 - - [18/Jul/2023:23:25:22 +0300] "POST /users/login HTTP/1.1" 200 5
127.0.0.1 - - [18/Jul/2023:23:25:49 +0300] "POST /users/login HTTP/1.1" 200 5
::1 - - [18/Jul/2023:23:25:59 +0300] "GET /phpmyadmin/index.php?route=/sql&pos=0&db=myfiles&table=user HTTP/1.1" 200 20056
::1 - - [18/Jul/2023:23:26:00 +0300] "POST /phpmyadmin/index.php?route=/config/get HTTP/1.1" 200 1633
::1 - - [18/Jul/2023:23:26:00 +0300] "POST /phpmyadmin/index.php?route=/navigation&ajax_request=1 HTTP/1.1" 200 2981
::1 - - [18/Jul/2023:23:26:00 +0300] "POST /phpmyadmin/index.php?route=/config/get HTTP/1.1" 200 1727
::1 - - [18/Jul/2023:23:26:00 +0300] "GET /phpmyadmin/index.php?route=/recent-table&ajax_request=1&recent_table=1&no_debug=true&_nocache=1689711960547690304&token=6c4f4a6323463f33475042612b3e4825 HTTP/1.1" 200 1695
::1 - - [18/Jul/2023:23:26:01 +0300] "POST /phpmyadmin/index.php?route=/config/set HTTP/1.1" 200 1624
::1 - - [18/Jul/2023:23:26:04 +0300] "POST /phpmyadmin/index.php?route=/sql HTTP/1.1" 200 5615
127.0.0.1 - - [18/Jul/2023:23:26:27 +0300] "POST /users/login HTTP/1.1" 200 65
::1 - - [18/Jul/2023:23:26:38 +0300] "POST /phpmyadmin/index.php?route=/sql HTTP/1.1" 200 5615
127.0.0.1 - - [18/Jul/2023:23:27:37 +0300] "POST /users/login HTTP/1.1" 200 65
127.0.0.1 - - [18/Jul/2023:23:27:47 +0300] "POST /users/login HTTP/1.1" 200 5
127.0.0.1 - - [18/Jul/2023:23:29:06 +0300] "POST /users/login HTTP/1.1" 200 5
127.0.0.1 - - [18/Jul/2023:23:29:31 +0300] "PUT /users/update HTTP/1.1" 200 1195
127.0.0.1 - - [18/Jul/2023:23:30:16 +0300] "PUT /users/update HTTP/1.1" 200 1195
127.0.0.1 - - [18/Jul/2023:23:30:51 +0300] "PUT /users/update HTTP/1.1" 200 1309
127.0.0.1 - - [18/Jul/2023:23:31:34 +0300] "PUT /users/update HTTP/1.1" 200 1309
::1 - - [18/Jul/2023:23:31:58 +0300] "GET /phpmyadmin/index.php?route=/sql&pos=0&db=myfiles&table=user HTTP/1.1" 200 20058
::1 - - [18/Jul/2023:23:31:59 +0300] "POST /phpmyadmin/index.php?route=/config/get HTTP/1.1" 200 1727
::1 - - [18/Jul/2023:23:31:59 +0300] "POST /phpmyadmin/index.php?route=/navigation&ajax_request=1 HTTP/1.1" 200 2981
::1 - - [18/Jul/2023:23:31:59 +0300] "POST /phpmyadmin/index.php?route=/config/get HTTP/1.1" 200 1633
::1 - - [18/Jul/2023:23:31:59 +0300] "GET /phpmyadmin/index.php?route=/recent-table&ajax_request=1&recent_table=1&no_debug=true&_nocache=1689712319593676203&token=6c4f4a6323463f33475042612b3e4825 HTTP/1.1" 200 1695
::1 - - [18/Jul/2023:23:32:00 +0300] "POST /phpmyadmin/index.php?route=/config/set HTTP/1.1" 200 1624
127.0.0.1 - - [18/Jul/2023:23:34:45 +0300] "PUT /users/update HTTP/1.1" 200 1309
127.0.0.1 - - [18/Jul/2023:23:35:30 +0300] "PUT /users/update HTTP/1.1" 200 1309
127.0.0.1 - - [18/Jul/2023:23:36:58 +0300] "PUT /users/update HTTP/1.1" 200 1309
127.0.0.1 - - [18/Jul/2023:23:38:52 +0300] "POST /users/login HTTP/1.1" 200 5
127.0.0.1 - - [18/Jul/2023:23:41:07 +0300] "POST /users/login HTTP/1.1" 200 5
127.0.0.1 - - [18/Jul/2023:23:43:02 +0300] "POST /users/login HTTP/1.1" 200 5
127.0.0.1 - - [18/Jul/2023:23:44:22 +0300] "POST /users/login HTTP/1.1" 200 5
127.0.0.1 - - [18/Jul/2023:23:45:00 +0300] "POST /users/login HTTP/1.1" 200 60
127.0.0.1 - - [18/Jul/2023:23:45:12 +0300] "POST /users/login HTTP/1.1" 200 60
127.0.0.1 - - [18/Jul/2023:23:46:23 +0300] "POST /users/login HTTP/1.1" 200 60
127.0.0.1 - - [18/Jul/2023:23:46:47 +0300] "POST /users/login HTTP/1.1" 200 60
127.0.0.1 - - [18/Jul/2023:23:46:50 +0300] "POST /users/login HTTP/1.1" 200 60
127.0.0.1 - - [18/Jul/2023:23:46:54 +0300] "POST /users/login HTTP/1.1" 200 47
127.0.0.1 - - [18/Jul/2023:23:47:04 +0300] "POST /users/login HTTP/1.1" 200 47
127.0.0.1 - - [18/Jul/2023:23:48:00 +0300] "POST /users/login HTTP/1.1" 200 47
127.0.0.1 - - [18/Jul/2023:23:48:18 +0300] "POST /users/login HTTP/1.1" 200 47
127.0.0.1 - - [18/Jul/2023:23:48:51 +0300] "POST /users/login HTTP/1.1" 200 47
127.0.0.1 - - [18/Jul/2023:23:49:03 +0300] "POST /users/login HTTP/1.1" 200 47
127.0.0.1 - - [18/Jul/2023:23:49:22 +0300] "POST /users/login HTTP/1.1" 200 47
127.0.0.1 - - [18/Jul/2023:23:49:31 +0300] "POST /users/login HTTP/1.1" 200 47
127.0.0.1 - - [18/Jul/2023:23:49:39 +0300] "POST /users/login HTTP/1.1" 200 47
127.0.0.1 - - [18/Jul/2023:23:49:54 +0300] "POST /users/login HTTP/1.1" 200 47
127.0.0.1 - - [18/Jul/2023:23:50:37 +0300] "POST /users/login HTTP/1.1" 200 47
::1 - - [18/Jul/2023:23:55:55 +0300] "POST /phpmyadmin/index.php?route=/ HTTP/1.1" 200 1793
127.0.0.1 - - [18/Jul/2023:23:56:13 +0300] "GET /favicon.ico HTTP/1.1" 404 -
