::1 - - [29/Jul/2023:17:08:13 +0300] "GET /phpmyadmin/index.php?route=/sql&pos=0&db=myfiles&table=files HTTP/1.1" 200 15916
::1 - - [29/Jul/2023:17:08:30 +0300] "GET /phpmyadmin/js/messages.php?l=ru&v=5.2.1 HTTP/1.1" 200 12854
::1 - - [29/Jul/2023:17:08:31 +0300] "POST /phpmyadmin/index.php?route=/config/get HTTP/1.1" 200 1635
::1 - - [29/Jul/2023:17:08:31 +0300] "POST /phpmyadmin/index.php?route=/navigation&ajax_request=1 HTTP/1.1" 200 2677
::1 - - [29/Jul/2023:17:08:31 +0300] "GET /phpmyadmin/index.php?route=/recent-table&ajax_request=1&recent_table=1&no_debug=true&_nocache=1690639711113341693&token=42475d34315f272c6d5465782f357329 HTTP/1.1" 200 1724
::1 - - [29/Jul/2023:17:08:31 +0300] "POST /phpmyadmin/index.php?route=/config/get HTTP/1.1" 200 1729
::1 - - [29/Jul/2023:17:08:31 +0300] "POST /phpmyadmin/index.php?route=/navigation&ajax_request=1 HTTP/1.1" 200 2308
::1 - - [29/Jul/2023:17:08:32 +0300] "POST /phpmyadmin/index.php?route=/config/set HTTP/1.1" 200 1626
::1 - - [29/Jul/2023:17:09:26 +0300] "GET /phpmyadmin/index.php?route=/sql&pos=0&db=myfiles&table=files&ajax_request=true&ajax_page_request=true&_nocache=1690639766892845012&token=42475d34315f272c6d5465782f357329 HTTP/1.1" 200 7057
::1 - - [29/Jul/2023:17:09:27 +0300] "GET /phpmyadmin/index.php?route=/recent-table&ajax_request=1&recent_table=1&no_debug=true&_nocache=169063976750319398&token=42475d34315f272c6d5465782f357329 HTTP/1.1" 200 1724
127.0.0.1 - - [29/Jul/2023:17:09:56 +0300] "POST /files/add HTTP/1.1" 200 66
127.0.0.1 - - [29/Jul/2023:17:10:36 +0300] "POST /users/login HTTP/1.1" 200 -
127.0.0.1 - - [29/Jul/2023:17:11:00 +0300] "POST /files/add HTTP/1.1" 200 -
::1 - - [29/Jul/2023:17:11:25 +0300] "GET /phpmyadmin/index.php?route=/sql&pos=0&db=myfiles&table=files HTTP/1.1" 200 18945
::1 - - [29/Jul/2023:17:11:27 +0300] "POST /phpmyadmin/index.php?route=/config/get HTTP/1.1" 200 1635
::1 - - [29/Jul/2023:17:11:27 +0300] "GET /phpmyadmin/index.php?route=/recent-table&ajax_request=1&recent_table=1&no_debug=true&_nocache=1690639887474646960&token=42475d34315f272c6d5465782f357329 HTTP/1.1" 200 1724
::1 - - [29/Jul/2023:17:11:27 +0300] "POST /phpmyadmin/index.php?route=/navigation&ajax_request=1 HTTP/1.1" 200 3178
::1 - - [29/Jul/2023:17:11:27 +0300] "POST /phpmyadmin/index.php?route=/config/get HTTP/1.1" 200 1729
::1 - - [29/Jul/2023:17:11:28 +0300] "POST /phpmyadmin/index.php?route=/config/set HTTP/1.1" 200 1626
127.0.0.1 - - [29/Jul/2023:17:29:37 +0300] "POST /files/get/27 HTTP/1.1" 404 -
127.0.0.1 - - [29/Jul/2023:17:29:41 +0300] "GET /files/get/27 HTTP/1.1" 200 155
127.0.0.1 - - [29/Jul/2023:17:29:57 +0300] "GET /files/get/27 HTTP/1.1" 200 155
::1 - - [29/Jul/2023:17:35:22 +0300] "POST /phpmyadmin/index.php?route=/ HTTP/1.1" 200 1794
127.0.0.1 - - [29/Jul/2023:17:38:57 +0300] "GET /files/get/27 HTTP/1.1" 200 155
127.0.0.1 - - [29/Jul/2023:17:39:56 +0300] "GET /files/get/27 HTTP/1.1" 200 60
127.0.0.1 - - [29/Jul/2023:17:40:18 +0300] "GET /files/get/27 HTTP/1.1" 200 304
::1 - - [29/Jul/2023:17:55:14 +0300] "POST /phpmyadmin/index.php?route=/ HTTP/1.1" 200 1794
::1 - - [29/Jul/2023:18:14:46 +0300] "POST /phpmyadmin/index.php?route=/ HTTP/1.1" 200 1794
::1 - - [29/Jul/2023:18:33:58 +0300] "POST /phpmyadmin/index.php?route=/ HTTP/1.1" 200 1794
::1 - - [29/Jul/2023:18:52:51 +0300] "POST /phpmyadmin/index.php?route=/ HTTP/1.1" 200 1794
::1 - - [29/Jul/2023:19:11:25 +0300] "POST /phpmyadmin/index.php?route=/ HTTP/1.1" 200 1794
::1 - - [29/Jul/2023:19:29:40 +0300] "POST /phpmyadmin/index.php?route=/ HTTP/1.1" 200 1794
::1 - - [29/Jul/2023:19:47:40 +0300] "POST /phpmyadmin/index.php?route=/ HTTP/1.1" 200 1794
::1 - - [29/Jul/2023:20:05:24 +0300] "POST /phpmyadmin/index.php?route=/ HTTP/1.1" 200 1794
::1 - - [29/Jul/2023:20:22:46 +0300] "POST /phpmyadmin/index.php?route=/ HTTP/1.1" 200 1794
::1 - - [29/Jul/2023:20:39:50 +0300] "POST /phpmyadmin/index.php?route=/ HTTP/1.1" 200 1794
::1 - - [29/Jul/2023:20:50:45 +0300] "GET /phpmyadmin/index.php?route=/sql&pos=0&db=myfiles&table=files HTTP/1.1" 200 19012
::1 - - [29/Jul/2023:20:50:48 +0300] "GET /phpmyadmin/js/messages.php?l=ru&v=5.2.1 HTTP/1.1" 200 12854
::1 - - [29/Jul/2023:20:50:49 +0300] "POST /phpmyadmin/index.php?route=/config/get HTTP/1.1" 200 1635
::1 - - [29/Jul/2023:20:50:49 +0300] "POST /phpmyadmin/index.php?route=/navigation&ajax_request=1 HTTP/1.1" 200 3178
::1 - - [29/Jul/2023:20:50:49 +0300] "POST /phpmyadmin/index.php?route=/config/get HTTP/1.1" 200 1729
::1 - - [29/Jul/2023:20:50:49 +0300] "GET /phpmyadmin/index.php?route=/recent-table&ajax_request=1&recent_table=1&no_debug=true&_nocache=1690653049330632869&token=42475d34315f272c6d5465782f357329 HTTP/1.1" 200 1724
::1 - - [29/Jul/2023:20:50:50 +0300] "POST /phpmyadmin/index.php?route=/config/set HTTP/1.1" 200 1626
::1 - - [29/Jul/2023:21:14:45 +0300] "POST /phpmyadmin/index.php?route=/ HTTP/1.1" 200 1794
::1 - - [29/Jul/2023:21:37:36 +0300] "POST /phpmyadmin/index.php?route=/ HTTP/1.1" 200 1794
::1 - - [29/Jul/2023:22:00:04 +0300] "POST /phpmyadmin/index.php?route=/ HTTP/1.1" 200 1794
::1 - - [29/Jul/2023:22:22:10 +0300] "POST /phpmyadmin/index.php?route=/ HTTP/1.1" 200 1794
::1 - - [29/Jul/2023:22:43:54 +0300] "POST /phpmyadmin/index.php?route=/ HTTP/1.1" 200 1794
::1 - - [29/Jul/2023:23:05:16 +0300] "POST /phpmyadmin/index.php?route=/ HTTP/1.1" 200 1794
127.0.0.1 - - [29/Jul/2023:23:25:59 +0300] "GET /favicon.ico HTTP/1.1" 404 -
::1 - - [30/Jul/2023:13:37:17 +0300] "GET /phpmyadmin/index.php?route=/sql&pos=0&db=myfiles&table=files HTTP/1.1" 200 18672
::1 - - [30/Jul/2023:13:37:19 +0300] "GET /phpmyadmin/js/messages.php?l=ru&v=5.2.1 HTTP/1.1" 200 12854
::1 - - [30/Jul/2023:13:37:20 +0300] "POST /phpmyadmin/index.php?route=/config/get HTTP/1.1" 200 1633
::1 - - [30/Jul/2023:13:37:20 +0300] "POST /phpmyadmin/index.php?route=/navigation&ajax_request=1 HTTP/1.1" 200 2676
::1 - - [30/Jul/2023:13:37:20 +0300] "POST /phpmyadmin/index.php?route=/config/get HTTP/1.1" 200 1727
::1 - - [30/Jul/2023:13:37:21 +0300] "POST /phpmyadmin/index.php?route=/navigation&ajax_request=1 HTTP/1.1" 200 2309
::1 - - [30/Jul/2023:13:37:21 +0300] "POST /phpmyadmin/index.php?route=/config/set HTTP/1.1" 200 1624
::1 - - [30/Jul/2023:13:37:21 +0300] "GET /phpmyadmin/index.php?route=/recent-table&ajax_request=1&recent_table=1&no_debug=true&_nocache=1690713440225685415&token=3566783f28707b357558367e35214471 HTTP/1.1" 200 1723
127.0.0.1 - - [30/Jul/2023:13:37:48 +0300] "GET /files/get/27 HTTP/1.1" 200 66
127.0.0.1 - - [30/Jul/2023:13:39:54 +0300] "POST /users/login HTTP/1.1" 200 30
127.0.0.1 - - [30/Jul/2023:13:40:04 +0300] "POST /users/login HTTP/1.1" 200 -
127.0.0.1 - - [30/Jul/2023:13:40:19 +0300] "GET /files/add/27 HTTP/1.1" 404 -
127.0.0.1 - - [30/Jul/2023:13:40:28 +0300] "GET /files/get/27 HTTP/1.1" 200 304
127.0.0.1 - - [30/Jul/2023:13:41:24 +0300] "GET /files/get/27 HTTP/1.1" 200 60
127.0.0.1 - - [30/Jul/2023:13:41:42 +0300] "GET /files/get/27 HTTP/1.1" 200 304
127.0.0.1 - - [30/Jul/2023:13:42:01 +0300] "GET /files/get/25 HTTP/1.1" 200 10
127.0.0.1 - - [30/Jul/2023:13:42:49 +0300] "GET /files/get/25 HTTP/1.1" 200 26
127.0.0.1 - - [30/Jul/2023:13:42:53 +0300] "GET /files/get/27 HTTP/1.1" 200 304
::1 - - [30/Jul/2023:13:47:56 +0300] "GET /phpmyadmin/index.php?route=/sql&pos=0&db=myfiles&table=files&ajax_request=true&ajax_page_request=true&_nocache=1690714076552214090&token=3566783f28707b357558367e35214471 HTTP/1.1" 200 9649
::1 - - [30/Jul/2023:13:47:57 +0300] "GET /phpmyadmin/index.php?route=/recent-table&ajax_request=1&recent_table=1&no_debug=true&_nocache=1690714077297525402&token=3566783f28707b357558367e35214471 HTTP/1.1" 200 1723
::1 - - [30/Jul/2023:13:48:00 +0300] "POST /phpmyadmin/index.php HTTP/1.1" 200 2244
127.0.0.1 - - [30/Jul/2023:13:48:59 +0300] "GET /files/add/ HTTP/1.1" 404 -
127.0.0.1 - - [30/Jul/2023:13:49:03 +0300] "POST /files/add/ HTTP/1.1" 404 -
127.0.0.1 - - [30/Jul/2023:13:49:08 +0300] "POST /files/add HTTP/1.1" 200 -
::1 - - [30/Jul/2023:13:49:17 +0300] "GET /phpmyadmin/index.php?route=/sql&pos=0&db=myfiles&table=files HTTP/1.1" 200 18948
::1 - - [30/Jul/2023:13:49:18 +0300] "POST /phpmyadmin/index.php?route=/config/get HTTP/1.1" 200 1633
::1 - - [30/Jul/2023:13:49:18 +0300] "POST /phpmyadmin/index.php?route=/navigation&ajax_request=1 HTTP/1.1" 200 3179
::1 - - [30/Jul/2023:13:49:18 +0300] "POST /phpmyadmin/index.php?route=/config/get HTTP/1.1" 200 1727
::1 - - [30/Jul/2023:13:49:18 +0300] "GET /phpmyadmin/index.php?route=/recent-table&ajax_request=1&recent_table=1&no_debug=true&_nocache=1690714158315799212&token=3566783f28707b357558367e35214471 HTTP/1.1" 200 1723
::1 - - [30/Jul/2023:13:49:19 +0300] "POST /phpmyadmin/index.php?route=/config/set HTTP/1.1" 200 1624
127.0.0.1 - - [30/Jul/2023:13:50:28 +0300] "GET /files/get HTTP/1.1" 404 -
127.0.0.1 - - [30/Jul/2023:13:54:04 +0300] "GET /files/get/28 HTTP/1.1" 200 751
127.0.0.1 - - [30/Jul/2023:13:54:25 +0300] "GET /files/get/28 HTTP/1.1" 200 1055
127.0.0.1 - - [30/Jul/2023:13:54:46 +0300] "GET /files/get/28 HTTP/1.1" 200 374
127.0.0.1 - - [30/Jul/2023:13:55:04 +0300] "GET /files/get/28 HTTP/1.1" 200 70
127.0.0.1 - - [30/Jul/2023:13:55:56 +0300] "GET /files/get/28 HTTP/1.1" 200 70
127.0.0.1 - - [30/Jul/2023:13:56:14 +0300] "GET /files/get/28 HTTP/1.1" 200 374
127.0.0.1 - - [30/Jul/2023:13:56:28 +0300] "GET /files/get/28 HTTP/1.1" 200 304
127.0.0.1 - - [30/Jul/2023:13:59:53 +0300] "GET /files/get/28 HTTP/1.1" 200 156
127.0.0.1 - - [30/Jul/2023:14:02:31 +0300] "POST /files/add HTTP/1.1" 200 63
::1 - - [30/Jul/2023:14:13:14 +0300] "POST /phpmyadmin/index.php?route=/ HTTP/1.1" 200 1793
::1 - - [30/Jul/2023:14:34:59 +0300] "POST /phpmyadmin/index.php?route=/ HTTP/1.1" 200 1793
::1 - - [30/Jul/2023:14:56:15 +0300] "POST /phpmyadmin/index.php?route=/ HTTP/1.1" 200 1793
::1 - - [30/Jul/2023:18:09:54 +0300] "GET /phpmyadmin/index.php?route=/sql&pos=0&db=myfiles&table=files HTTP/1.1" 200 18664
::1 - - [30/Jul/2023:18:09:59 +0300] "GET /phpmyadmin/js/messages.php?l=ru&v=5.2.1 HTTP/1.1" 200 12854
::1 - - [30/Jul/2023:18:10:01 +0300] "POST /phpmyadmin/index.php?route=/config/get HTTP/1.1" 200 1635
::1 - - [30/Jul/2023:18:10:01 +0300] "POST /phpmyadmin/index.php?route=/navigation&ajax_request=1 HTTP/1.1" 200 2676
::1 - - [30/Jul/2023:18:10:01 +0300] "POST /phpmyadmin/index.php?route=/config/get HTTP/1.1" 200 1728
::1 - - [30/Jul/2023:18:10:01 +0300] "GET /phpmyadmin/index.php?route=/recent-table&ajax_request=1&recent_table=1&no_debug=true&_nocache=1690729801194365155&token=442873616f7955296542425b772c4c5f HTTP/1.1" 200 1725
::1 - - [30/Jul/2023:18:10:02 +0300] "POST /phpmyadmin/index.php?route=/navigation&ajax_request=1 HTTP/1.1" 200 2309
::1 - - [30/Jul/2023:18:10:02 +0300] "POST /phpmyadmin/index.php?route=/config/set HTTP/1.1" 200 1625
::1 - - [30/Jul/2023:18:33:57 +0300] "POST /phpmyadmin/index.php?route=/ HTTP/1.1" 200 1795
::1 - - [30/Jul/2023:18:56:16 +0300] "POST /phpmyadmin/index.php?route=/ HTTP/1.1" 200 1795
::1 - - [30/Jul/2023:19:18:14 +0300] "POST /phpmyadmin/index.php?route=/ HTTP/1.1" 200 1795
::1 - - [30/Jul/2023:19:39:49 +0300] "POST /phpmyadmin/index.php?route=/ HTTP/1.1" 200 1795
::1 - - [30/Jul/2023:20:01:02 +0300] "POST /phpmyadmin/index.php?route=/ HTTP/1.1" 200 1795
::1 - - [31/Jul/2023:00:15:20 +0300] "GET /phpmyadmin/index.php?route=/sql&pos=0&db=myfiles&table=files HTTP/1.1" 200 18669
::1 - - [31/Jul/2023:00:15:36 +0300] "GET /phpmyadmin/js/messages.php?l=ru&v=5.2.1 HTTP/1.1" 200 12854
::1 - - [31/Jul/2023:00:15:37 +0300] "POST /phpmyadmin/index.php?route=/config/get HTTP/1.1" 200 1635
::1 - - [31/Jul/2023:00:15:37 +0300] "POST /phpmyadmin/index.php?route=/navigation&ajax_request=1 HTTP/1.1" 200 2676
::1 - - [31/Jul/2023:00:15:37 +0300] "GET /phpmyadmin/index.php?route=/recent-table&ajax_request=1&recent_table=1&no_debug=true&_nocache=1690751737850398743&token=32414f7749707d2b4b2f3b293c513946 HTTP/1.1" 200 1724
::1 - - [31/Jul/2023:00:15:37 +0300] "POST /phpmyadmin/index.php?route=/config/get HTTP/1.1" 200 1727
::1 - - [31/Jul/2023:00:15:38 +0300] "POST /phpmyadmin/index.php?route=/navigation&ajax_request=1 HTTP/1.1" 200 2309
::1 - - [31/Jul/2023:00:15:39 +0300] "POST /phpmyadmin/index.php?route=/config/set HTTP/1.1" 200 1625
127.0.0.1 - - [31/Jul/2023:00:15:44 +0300] "POST /file/get/28 HTTP/1.1" 404 -
127.0.0.1 - - [31/Jul/2023:00:15:49 +0300] "GET /file/get/28 HTTP/1.1" 404 -
127.0.0.1 - - [31/Jul/2023:00:15:55 +0300] "GET /files/get/28 HTTP/1.1" 200 66
127.0.0.1 - - [31/Jul/2023:00:16:46 +0300] "POST /user/login HTTP/1.1" 404 -
127.0.0.1 - - [31/Jul/2023:00:16:52 +0300] "POST /users/login HTTP/1.1" 200 -
127.0.0.1 - - [31/Jul/2023:00:17:06 +0300] "POST /files/get HTTP/1.1" 404 -
127.0.0.1 - - [31/Jul/2023:00:17:13 +0300] "POST /files/add HTTP/1.1" 200 63
127.0.0.1 - - [31/Jul/2023:00:17:31 +0300] "POST /files/add HTTP/1.1" 200 42
127.0.0.1 - - [31/Jul/2023:00:17:37 +0300] "POST /files/add HTTP/1.1" 200 63
::1 - - [31/Jul/2023:00:39:33 +0300] "POST /phpmyadmin/index.php?route=/ HTTP/1.1" 200 1793
127.0.0.1 - - [31/Jul/2023:00:42:34 +0300] "POST /files/rename HTTP/1.1" 404 -
127.0.0.1 - - [31/Jul/2023:00:42:38 +0300] "PUT /files/rename HTTP/1.1" 200 304
127.0.0.1 - - [31/Jul/2023:00:57:23 +0300] "PUT /files/rename HTTP/1.1" 200 274
127.0.0.1 - - [31/Jul/2023:00:57:33 +0300] "PUT /files/rename HTTP/1.1" 200 137
127.0.0.1 - - [31/Jul/2023:00:57:46 +0300] "PUT /files/rename HTTP/1.1" 200 50
127.0.0.1 - - [31/Jul/2023:00:58:14 +0300] "PUT /files/rename HTTP/1.1" 200 50
::1 - - [31/Jul/2023:01:02:13 +0300] "POST /phpmyadmin/index.php?route=/ HTTP/1.1" 200 1793
::1 - - [31/Jul/2023:01:25:10 +0300] "POST /phpmyadmin/index.php?route=/ HTTP/1.1" 200 1793
::1 - - [31/Jul/2023:01:47:44 +0300] "POST /phpmyadmin/index.php?route=/ HTTP/1.1" 200 1793
::1 - - [31/Jul/2023:02:09:55 +0300] "POST /phpmyadmin/index.php?route=/ HTTP/1.1" 200 1793
127.0.0.1 - - [31/Jul/2023:02:23:57 +0300] "PUT /files/rename HTTP/1.1" 200 60
::1 - - [31/Jul/2023:02:31:44 +0300] "POST /phpmyadmin/index.php?route=/ HTTP/1.1" 200 1793
127.0.0.1 - - [31/Jul/2023:02:42:10 +0300] "PUT /files/rename HTTP/1.1" 200 634
127.0.0.1 - - [31/Jul/2023:02:42:23 +0300] "PUT /files/rename HTTP/1.1" 200 124
127.0.0.1 - - [31/Jul/2023:02:51:15 +0300] "PUT /files/rename HTTP/1.1" 200 52
::1 - - [31/Jul/2023:02:53:11 +0300] "POST /phpmyadmin/index.php?route=/ HTTP/1.1" 200 1793
127.0.0.1 - - [31/Jul/2023:02:59:20 +0300] "PUT /files/rename HTTP/1.1" 200 52
127.0.0.1 - - [31/Jul/2023:02:59:42 +0300] "PUT /files/rename HTTP/1.1" 200 58
::1 - - [31/Jul/2023:03:14:17 +0300] "POST /phpmyadmin/index.php?route=/ HTTP/1.1" 200 1793
::1 - - [31/Jul/2023:03:35:02 +0300] "POST /phpmyadmin/index.php?route=/ HTTP/1.1" 200 1793
::1 - - [22/Aug/2023:00:09:21 +0300] "GET /phpmyadmin/index.php?route=/sql&pos=0&db=myfiles&table=directories HTTP/1.1" 200 18436
::1 - - [22/Aug/2023:00:09:22 +0300] "GET /phpmyadmin/js/messages.php?l=ru&v=5.2.1 HTTP/1.1" 200 12854
::1 - - [22/Aug/2023:00:09:22 +0300] "GET /phpmyadmin/themes/pmahomme/img/s_tbl.png HTTP/1.1" 200 645
::1 - - [22/Aug/2023:00:09:22 +0300] "GET /phpmyadmin/themes/pmahomme/img/b_browse.png HTTP/1.1" 200 486
::1 - - [22/Aug/2023:00:09:22 +0300] "GET /phpmyadmin/themes/pmahomme/img/b_tblexport.png HTTP/1.1" 200 514
::1 - - [22/Aug/2023:00:09:22 +0300] "GET /phpmyadmin/themes/pmahomme/img/b_insrow.png HTTP/1.1" 200 157
::1 - - [22/Aug/2023:00:09:22 +0300] "GET /phpmyadmin/themes/pmahomme/img/b_tblimport.png HTTP/1.1" 200 556
::1 - - [22/Aug/2023:00:09:22 +0300] "GET /phpmyadmin/themes/pmahomme/img/b_edit.png HTTP/1.1" 200 377
::1 - - [22/Aug/2023:00:09:22 +0300] "GET /phpmyadmin/themes/pmahomme/img/b_drop.png HTTP/1.1" 200 637
::1 - - [22/Aug/2023:00:09:22 +0300] "GET /phpmyadmin/themes/pmahomme/img/b_print.png HTTP/1.1" 200 639
::1 - - [22/Aug/2023:00:09:22 +0300] "GET /phpmyadmin/themes/pmahomme/img/b_chart.png HTTP/1.1" 200 449
::1 - - [22/Aug/2023:00:09:22 +0300] "GET /phpmyadmin/themes/pmahomme/img/b_bookmark.png HTTP/1.1" 200 637
::1 - - [22/Aug/2023:00:09:22 +0300] "GET /phpmyadmin/themes/pmahomme/img/b_view_add.png HTTP/1.1" 200 678
::1 - - [22/Aug/2023:00:09:22 +0300] "GET /phpmyadmin/themes/pmahomme/img/col_drop.png HTTP/1.1" 200 111
::1 - - [22/Aug/2023:00:09:22 +0300] "GET /phpmyadmin/themes/pmahomme/img/col_pointer.png HTTP/1.1" 200 102
::1 - - [22/Aug/2023:00:09:22 +0300] "GET /phpmyadmin/index.php?route=/recent-table&ajax_request=1&recent_table=1&no_debug=true&_nocache=1692652162474195997&token=6e47723b537a6373694f3b6733652e63 HTTP/1.1" 200 1705
::1 - - [22/Aug/2023:00:09:22 +0300] "POST /phpmyadmin/index.php?route=/navigation&ajax_request=1 HTTP/1.1" 200 2611
::1 - - [22/Aug/2023:00:09:22 +0300] "POST /phpmyadmin/index.php?route=/config/get HTTP/1.1" 200 1634
::1 - - [22/Aug/2023:00:09:22 +0300] "POST /phpmyadmin/index.php?route=/config/get HTTP/1.1" 200 1727
::1 - - [22/Aug/2023:00:09:22 +0300] "POST /phpmyadmin/index.php?route=/navigation&ajax_request=1 HTTP/1.1" 200 2309
::1 - - [22/Aug/2023:00:09:22 +0300] "POST /phpmyadmin/index.php?route=/config/set HTTP/1.1" 200 1625
::1 - - [22/Aug/2023:00:33:18 +0300] "POST /phpmyadmin/index.php?route=/ HTTP/1.1" 200 1794
127.0.0.1 - - [22/Aug/2023:00:45:26 +0300] "POST /files/add HTTP/1.1" 200 66
127.0.0.1 - - [22/Aug/2023:00:46:01 +0300] "POST /users/login HTTP/1.1" 200 51
127.0.0.1 - - [22/Aug/2023:00:46:11 +0300] "POST /users/login HTTP/1.1" 200 -
127.0.0.1 - - [22/Aug/2023:00:46:15 +0300] "POST /users/login HTTP/1.1" 200 -
127.0.0.1 - - [22/Aug/2023:00:47:42 +0300] "POST /files/add HTTP/1.1" 200 51
127.0.0.1 - - [22/Aug/2023:00:48:01 +0300] "POST /files/add HTTP/1.1" 200 51
127.0.0.1 - - [22/Aug/2023:00:48:13 +0300] "POST /files/add HTTP/1.1" 200 51
127.0.0.1 - - [22/Aug/2023:00:50:28 +0300] "POST /directories/add HTTP/1.1" 200 998
127.0.0.1 - - [22/Aug/2023:00:50:44 +0300] "POST /directories/add HTTP/1.1" 200 69
::1 - - [22/Aug/2023:00:50:50 +0300] "GET /phpmyadmin/index.php?route=/sql&pos=0&db=myfiles&table=directories HTTP/1.1" 200 18575
::1 - - [22/Aug/2023:00:50:50 +0300] "POST /phpmyadmin/index.php?route=/config/get HTTP/1.1" 200 1634
::1 - - [22/Aug/2023:00:50:50 +0300] "POST /phpmyadmin/index.php?route=/config/get HTTP/1.1" 200 1727
::1 - - [22/Aug/2023:00:50:50 +0300] "POST /phpmyadmin/index.php?route=/navigation&ajax_request=1 HTTP/1.1" 200 3117
::1 - - [22/Aug/2023:00:50:50 +0300] "GET /phpmyadmin/index.php?route=/recent-table&ajax_request=1&recent_table=1&no_debug=true&_nocache=1692654650684106146&token=6e47723b537a6373694f3b6733652e63 HTTP/1.1" 200 1705
::1 - - [22/Aug/2023:00:50:50 +0300] "POST /phpmyadmin/index.php?route=/config/set HTTP/1.1" 200 1625
127.0.0.1 - - [22/Aug/2023:00:51:20 +0300] "POST /directories/add HTTP/1.1" 200 69
127.0.0.1 - - [22/Aug/2023:00:51:40 +0300] "POST /directories/add HTTP/1.1" 200 682
127.0.0.1 - - [22/Aug/2023:00:52:34 +0300] "POST /directories/add HTTP/1.1" 200 652
127.0.0.1 - - [22/Aug/2023:00:52:52 +0300] "POST /directories/add HTTP/1.1" 200 69
127.0.0.1 - - [22/Aug/2023:00:55:24 +0300] "POST /directories/add HTTP/1.1" 200 10
127.0.0.1 - - [22/Aug/2023:00:55:54 +0300] "POST /directories/add HTTP/1.1" 200 10
127.0.0.1 - - [22/Aug/2023:00:56:05 +0300] "POST /directories/add HTTP/1.1" 200 -
127.0.0.1 - - [22/Aug/2023:00:56:11 +0300] "POST /directories/add HTTP/1.1" 200 10
127.0.0.1 - - [22/Aug/2023:00:57:08 +0300] "POST /directories/add HTTP/1.1" 200 10
127.0.0.1 - - [22/Aug/2023:00:58:02 +0300] "POST /directories/add HTTP/1.1" 200 69
127.0.0.1 - - [22/Aug/2023:00:58:06 +0300] "POST /directories/add HTTP/1.1" 200 10
127.0.0.1 - - [22/Aug/2023:00:58:17 +0300] "POST /directories/add HTTP/1.1" 200 10
127.0.0.1 - - [22/Aug/2023:00:58:42 +0300] "POST /directories/add HTTP/1.1" 200 10
127.0.0.1 - - [22/Aug/2023:00:59:58 +0300] "POST /directories/add HTTP/1.1" 200 23
127.0.0.1 - - [22/Aug/2023:01:00:50 +0300] "POST /directories/add HTTP/1.1" 200 23
127.0.0.1 - - [22/Aug/2023:01:01:14 +0300] "POST /directories/add HTTP/1.1" 200 186
127.0.0.1 - - [22/Aug/2023:01:01:22 +0300] "POST /directories/add HTTP/1.1" 200 1
127.0.0.1 - - [22/Aug/2023:01:02:14 +0300] "POST /directories/add HTTP/1.1" 200 80
127.0.0.1 - - [22/Aug/2023:01:03:53 +0300] "POST /directories/add HTTP/1.1" 200 9
127.0.0.1 - - [22/Aug/2023:01:05:06 +0300] "POST /directories/add HTTP/1.1" 200 59
127.0.0.1 - - [22/Aug/2023:01:05:33 +0300] "POST /directories/add HTTP/1.1" 200 -
127.0.0.1 - - [22/Aug/2023:01:05:47 +0300] "POST /directories/add HTTP/1.1" 200 19
127.0.0.1 - - [22/Aug/2023:01:06:21 +0300] "GET / HTTP/1.1" 500 651
127.0.0.1 - - [22/Aug/2023:01:06:21 +0300] "GET /favicon.ico HTTP/1.1" 404 -
127.0.0.1 - - [22/Aug/2023:01:06:23 +0300] "GET / HTTP/1.1" 500 651
127.0.0.1 - - [22/Aug/2023:01:06:25 +0300] "GET / HTTP/1.1" 500 651
127.0.0.1 - - [22/Aug/2023:01:09:59 +0300] "POST /directories/add HTTP/1.1" 200 60
127.0.0.1 - - [22/Aug/2023:01:10:02 +0300] "POST /directories/add HTTP/1.1" 200 60
127.0.0.1 - - [22/Aug/2023:01:13:08 +0300] "POST /directories/add HTTP/1.1" 200 60
127.0.0.1 - - [22/Aug/2023:01:14:02 +0300] "POST /directories/add HTTP/1.1" 200 60
127.0.0.1 - - [22/Aug/2023:01:14:07 +0300] "POST /directories/add HTTP/1.1" 200 67
127.0.0.1 - - [22/Aug/2023:01:14:39 +0300] "POST /directories/add HTTP/1.1" 200 -
::1 - - [22/Aug/2023:01:14:46 +0300] "POST /phpmyadmin/index.php?route=/ HTTP/1.1" 200 1794
::1 - - [22/Aug/2023:01:15:43 +0300] "POST /phpmyadmin/index.php HTTP/1.1" 200 8232
::1 - - [22/Aug/2023:01:15:43 +0300] "GET /phpmyadmin/js/vendor/jquery/additional-methods.js?v=5.2.1 HTTP/1.1" 200 51466
::1 - - [22/Aug/2023:01:15:43 +0300] "POST /phpmyadmin/index.php?route=/navigation&ajax_request=1 HTTP/1.1" 200 3117
::1 - - [22/Aug/2023:01:15:43 +0300] "GET /phpmyadmin/index.php?route=/recent-table&ajax_request=1&recent_table=1&no_debug=true&_nocache=1692656143616208166&token=6e47723b537a6373694f3b6733652e63 HTTP/1.1" 200 1705
::1 - - [22/Aug/2023:01:15:47 +0300] "GET /phpmyadmin/themes/pmahomme/img/hide.png HTTP/1.1" 200 284
::1 - - [22/Aug/2023:01:15:48 +0300] "GET /phpmyadmin/index.php?route=/sql&pos=0&db=myfiles&table=directories&ajax_request=true&ajax_page_request=true&_nocache=1692656148752195789&token=6e47723b537a6373694f3b6733652e63 HTTP/1.1" 200 9483
::1 - - [22/Aug/2023:01:15:48 +0300] "GET /phpmyadmin/index.php?route=/recent-table&ajax_request=1&recent_table=1&no_debug=true&_nocache=1692656148926421672&token=6e47723b537a6373694f3b6733652e63 HTTP/1.1" 200 1705
::1 - - [22/Aug/2023:01:15:51 +0300] "GET /phpmyadmin/index.php?route=/database/structure&db=myfiles&ajax_request=true&ajax_page_request=true&_nocache=1692656151988631620&token=6e47723b537a6373694f3b6733652e63 HTTP/1.1" 200 7623
::1 - - [22/Aug/2023:01:15:52 +0300] "GET /phpmyadmin/themes/pmahomme/img/bd_browse.png HTTP/1.1" 200 271
::1 - - [22/Aug/2023:01:15:52 +0300] "GET /phpmyadmin/themes/pmahomme/img/b_no_favorite.png HTTP/1.1" 200 377
::1 - - [22/Aug/2023:01:15:52 +0300] "GET /phpmyadmin/themes/pmahomme/img/bd_select.png HTTP/1.1" 200 325
::1 - - [22/Aug/2023:01:15:52 +0300] "GET /phpmyadmin/themes/pmahomme/img/b_select.png HTTP/1.1" 200 593
::1 - - [22/Aug/2023:01:15:52 +0300] "GET /phpmyadmin/themes/pmahomme/img/bd_empty.png HTTP/1.1" 200 327
::1 - - [22/Aug/2023:01:15:52 +0300] "GET /phpmyadmin/themes/pmahomme/img/b_empty.png HTTP/1.1" 200 521
::1 - - [22/Aug/2023:01:15:52 +0300] "GET /phpmyadmin/themes/pmahomme/img/b_tblanalyse.png HTTP/1.1" 200 152
::1 - - [22/Aug/2023:01:15:52 +0300] "GET /phpmyadmin/js/dist/database/structure.js?v=5.2.1 HTTP/1.1" 200 14685
::1 - - [22/Aug/2023:01:15:52 +0300] "POST /phpmyadmin/index.php?route=/navigation&ajax_request=1 HTTP/1.1" 200 3117
::1 - - [22/Aug/2023:01:15:54 +0300] "GET /phpmyadmin/themes/pmahomme/jquery/images/ui-bg_highlight-soft_75_cccccc_1x100.png HTTP/1.1" 200 122
::1 - - [22/Aug/2023:01:15:54 +0300] "GET /phpmyadmin/themes/pmahomme/jquery/images/ui-icons_222222_256x240.png HTTP/1.1" 200 3765
::1 - - [22/Aug/2023:01:15:54 +0300] "GET /phpmyadmin/index.php?route=/sql/get-default-fk-check-value&ajax_request=true&server=1&_nocache=1692656154053942933&token=6e47723b537a6373694f3b6733652e63 HTTP/1.1" 200 1655
::1 - - [22/Aug/2023:01:15:55 +0300] "POST /phpmyadmin/index.php?route=/sql HTTP/1.1" 200 584
::1 - - [22/Aug/2023:01:15:59 +0300] "GET /phpmyadmin/index.php?route=/sql/get-default-fk-check-value&ajax_request=true&server=1&_nocache=1692656159628980136&token=6e47723b537a6373694f3b6733652e63 HTTP/1.1" 200 1655
::1 - - [22/Aug/2023:01:16:00 +0300] "POST /phpmyadmin/index.php?route=/sql HTTP/1.1" 200 579
::1 - - [22/Aug/2023:01:16:03 +0300] "GET /phpmyadmin/index.php?route=/sql/get-default-fk-check-value&ajax_request=true&server=1&_nocache=1692656163716832014&token=6e47723b537a6373694f3b6733652e63 HTTP/1.1" 200 1655
::1 - - [22/Aug/2023:01:16:04 +0300] "POST /phpmyadmin/index.php?route=/sql HTTP/1.1" 200 2253
::1 - - [22/Aug/2023:01:16:04 +0300] "POST /phpmyadmin/index.php?route=/navigation&ajax_request=1 HTTP/1.1" 200 3056
::1 - - [22/Aug/2023:01:16:07 +0300] "GET /phpmyadmin/index.php?route=/sql/get-default-fk-check-value&ajax_request=true&server=1&_nocache=1692656167478139133&token=6e47723b537a6373694f3b6733652e63 HTTP/1.1" 200 1655
::1 - - [22/Aug/2023:01:16:08 +0300] "POST /phpmyadmin/index.php?route=/sql HTTP/1.1" 200 584
::1 - - [22/Aug/2023:01:16:10 +0300] "GET /phpmyadmin/index.php?route=/sql/get-default-fk-check-value&ajax_request=true&server=1&_nocache=1692656170025338881&token=6e47723b537a6373694f3b6733652e63 HTTP/1.1" 200 1655
::1 - - [22/Aug/2023:01:16:11 +0300] "GET /phpmyadmin/index.php?route=/sql/get-default-fk-check-value&ajax_request=true&server=1&_nocache=1692656171874608637&token=6e47723b537a6373694f3b6733652e63 HTTP/1.1" 200 1655
::1 - - [22/Aug/2023:01:16:12 +0300] "POST /phpmyadmin/index.php?route=/sql HTTP/1.1" 200 2243
::1 - - [22/Aug/2023:01:16:12 +0300] "POST /phpmyadmin/index.php?route=/navigation&ajax_request=1 HTTP/1.1" 200 3008
::1 - - [22/Aug/2023:01:16:13 +0300] "GET /phpmyadmin/index.php?route=/sql/get-default-fk-check-value&ajax_request=true&server=1&_nocache=1692656173866891525&token=6e47723b537a6373694f3b6733652e63 HTTP/1.1" 200 1655
::1 - - [22/Aug/2023:01:16:14 +0300] "POST /phpmyadmin/index.php?route=/sql HTTP/1.1" 200 2258
::1 - - [22/Aug/2023:01:16:14 +0300] "POST /phpmyadmin/index.php?route=/navigation&ajax_request=1 HTTP/1.1" 200 2945
127.0.0.1 - - [22/Aug/2023:01:16:18 +0300] "POST /directories/add HTTP/1.1" 200 344
::1 - - [22/Aug/2023:01:16:22 +0300] "GET /phpmyadmin/index.php?route=/database/structure&db=myfiles HTTP/1.1" 200 17363
::1 - - [22/Aug/2023:01:16:22 +0300] "GET /phpmyadmin/js/messages.php?l=ru&v=5.2.1 HTTP/1.1" 200 12854
::1 - - [22/Aug/2023:01:16:23 +0300] "POST /phpmyadmin/index.php?route=/config/get HTTP/1.1" 200 1634
::1 - - [22/Aug/2023:01:16:23 +0300] "POST /phpmyadmin/index.php?route=/config/get HTTP/1.1" 200 1727
::1 - - [22/Aug/2023:01:16:23 +0300] "POST /phpmyadmin/index.php?route=/navigation&ajax_request=1 HTTP/1.1" 200 3117
::1 - - [22/Aug/2023:01:16:23 +0300] "POST /phpmyadmin/index.php?route=/config/set HTTP/1.1" 200 1625
127.0.0.1 - - [22/Aug/2023:01:16:25 +0300] "POST /directories/add HTTP/1.1" 200 344
127.0.0.1 - - [22/Aug/2023:01:17:04 +0300] "POST /directories/add HTTP/1.1" 200 344
::1 - - [22/Aug/2023:01:17:36 +0300] "GET /phpmyadmin/index.php?route=/sql&pos=0&db=myfiles&table=users&ajax_request=true&ajax_page_request=true&_nocache=1692656256053801184&token=6e47723b537a6373694f3b6733652e63 HTTP/1.1" 200 10390
::1 - - [22/Aug/2023:01:17:36 +0300] "GET /phpmyadmin/index.php?route=/recent-table&ajax_request=1&recent_table=1&no_debug=true&_nocache=1692656256260890029&token=6e47723b537a6373694f3b6733652e63 HTTP/1.1" 200 1706
::1 - - [22/Aug/2023:01:17:42 +0300] "POST /phpmyadmin/index.php HTTP/1.1" 200 2250
127.0.0.1 - - [22/Aug/2023:01:17:45 +0300] "POST /directories/add HTTP/1.1" 200 344
127.0.0.1 - - [22/Aug/2023:01:18:04 +0300] "POST /users/create HTTP/1.1" 200 62
127.0.0.1 - - [22/Aug/2023:01:18:10 +0300] "POST /users/create HTTP/1.1" 200 77
::1 - - [22/Aug/2023:01:18:13 +0300] "GET /phpmyadmin/index.php?route=/sql&pos=0&db=myfiles&table=users HTTP/1.1" 200 19905
::1 - - [22/Aug/2023:01:18:13 +0300] "POST /phpmyadmin/index.php?route=/navigation&ajax_request=1 HTTP/1.1" 200 3117
::1 - - [22/Aug/2023:01:18:13 +0300] "POST /phpmyadmin/index.php?route=/config/get HTTP/1.1" 200 1634
::1 - - [22/Aug/2023:01:18:13 +0300] "POST /phpmyadmin/index.php?route=/config/get HTTP/1.1" 200 1727
::1 - - [22/Aug/2023:01:18:13 +0300] "GET /phpmyadmin/index.php?route=/recent-table&ajax_request=1&recent_table=1&no_debug=true&_nocache=1692656293919409532&token=6e47723b537a6373694f3b6733652e63 HTTP/1.1" 200 1706
::1 - - [22/Aug/2023:01:18:14 +0300] "POST /phpmyadmin/index.php?route=/config/set HTTP/1.1" 200 1625
127.0.0.1 - - [22/Aug/2023:01:18:25 +0300] "POST /files/add HTTP/1.1" 200 51
127.0.0.1 - - [22/Aug/2023:01:18:45 +0300] "POST /directory/add HTTP/1.1" 404 -
127.0.0.1 - - [22/Aug/2023:01:19:16 +0300] "POST /directories/add HTTP/1.1" 200 344
::1 - - [22/Aug/2023:01:20:57 +0300] "GET /phpmyadmin/index.php?route=/sql&pos=0&db=myfiles&table=directories&ajax_request=true&ajax_page_request=true&_nocache=1692656457301193887&token=6e47723b537a6373694f3b6733652e63 HTTP/1.1" 200 7045
::1 - - [22/Aug/2023:01:20:57 +0300] "GET /phpmyadmin/index.php?route=/recent-table&ajax_request=1&recent_table=1&no_debug=true&_nocache=1692656457482734431&token=6e47723b537a6373694f3b6733652e63 HTTP/1.1" 200 1705
::1 - - [22/Aug/2023:01:20:59 +0300] "GET /phpmyadmin/index.php?route=/sql&pos=0&db=myfiles&table=directories HTTP/1.1" 200 16516
::1 - - [22/Aug/2023:01:21:00 +0300] "POST /phpmyadmin/index.php?route=/config/get HTTP/1.1" 200 1634
::1 - - [22/Aug/2023:01:21:00 +0300] "POST /phpmyadmin/index.php?route=/navigation&ajax_request=1 HTTP/1.1" 200 3117
::1 - - [22/Aug/2023:01:21:00 +0300] "GET /phpmyadmin/index.php?route=/recent-table&ajax_request=1&recent_table=1&no_debug=true&_nocache=1692656460049480830&token=6e47723b537a6373694f3b6733652e63 HTTP/1.1" 200 1705
::1 - - [22/Aug/2023:01:21:00 +0300] "POST /phpmyadmin/index.php?route=/config/get HTTP/1.1" 200 1727
::1 - - [22/Aug/2023:01:21:00 +0300] "POST /phpmyadmin/index.php?route=/config/set HTTP/1.1" 200 1625
::1 - - [22/Aug/2023:01:21:03 +0300] "GET /phpmyadmin/index.php?route=/sql&pos=0&db=myfiles&table=users&ajax_request=true&ajax_page_request=true&_nocache=1692656463734396313&token=6e47723b537a6373694f3b6733652e63 HTTP/1.1" 200 10381
::1 - - [22/Aug/2023:01:21:03 +0300] "GET /phpmyadmin/index.php?route=/recent-table&ajax_request=1&recent_table=1&no_debug=true&_nocache=1692656463935308071&token=6e47723b537a6373694f3b6733652e63 HTTP/1.1" 200 1706
::1 - - [22/Aug/2023:01:21:06 +0300] "POST /phpmyadmin/index.php HTTP/1.1" 200 2250
127.0.0.1 - - [22/Aug/2023:01:21:21 +0300] "POST /usres/create HTTP/1.1" 404 -
127.0.0.1 - - [22/Aug/2023:01:21:30 +0300] "POST /usres/create HTTP/1.1" 404 -
127.0.0.1 - - [22/Aug/2023:01:21:50 +0300] "POST /users/create HTTP/1.1" 200 62
::1 - - [22/Aug/2023:01:23:08 +0300] "GET /phpmyadmin/index.php?route=/sql&pos=0&db=myfiles&table=directories&ajax_request=true&ajax_page_request=true&_nocache=1692656588535769544&token=6e47723b537a6373694f3b6733652e63 HTTP/1.1" 200 7045
::1 - - [22/Aug/2023:01:23:08 +0300] "GET /phpmyadmin/index.php?route=/recent-table&ajax_request=1&recent_table=1&no_debug=true&_nocache=1692656588762479634&token=6e47723b537a6373694f3b6733652e63 HTTP/1.1" 200 1705
::1 - - [22/Aug/2023:01:23:45 +0300] "GET /phpmyadmin/index.php?route=/sql&pos=0&db=myfiles&table=directories&ajax_request=true&ajax_page_request=true&_nocache=1692656625194695668&token=6e47723b537a6373694f3b6733652e63 HTTP/1.1" 200 7045
::1 - - [22/Aug/2023:01:23:45 +0300] "GET /phpmyadmin/index.php?route=/recent-table&ajax_request=1&recent_table=1&no_debug=true&_nocache=1692656625363891729&token=6e47723b537a6373694f3b6733652e63 HTTP/1.1" 200 1705
::1 - - [22/Aug/2023:01:23:46 +0300] "GET /phpmyadmin/index.php?route=/sql&pos=0&db=myfiles&table=files&ajax_request=true&ajax_page_request=true&_nocache=1692656626569992093&token=6e47723b537a6373694f3b6733652e63 HTTP/1.1" 200 7057
::1 - - [22/Aug/2023:01:23:46 +0300] "GET /phpmyadmin/index.php?route=/recent-table&ajax_request=1&recent_table=1&no_debug=true&_nocache=1692656626743215513&token=6e47723b537a6373694f3b6733652e63 HTTP/1.1" 200 1702
::1 - - [22/Aug/2023:01:23:47 +0300] "GET /phpmyadmin/index.php?route=/table/create&db=myfiles&ajax_request=true&ajax_page_request=true&_nocache=1692656627187974669&token=6e47723b537a6373694f3b6733652e63 HTTP/1.1" 200 55787
::1 - - [22/Aug/2023:01:23:47 +0300] "POST /phpmyadmin/index.php?route=/navigation&ajax_request=1 HTTP/1.1" 200 3113
::1 - - [22/Aug/2023:01:23:47 +0300] "GET /phpmyadmin/index.php?route=/database/structure&db=myfiles&ajax_request=true&ajax_page_request=true&_nocache=1692656627957674884&token=6e47723b537a6373694f3b6733652e63 HTTP/1.1" 200 7618
::1 - - [22/Aug/2023:01:23:48 +0300] "POST /phpmyadmin/index.php?route=/navigation&ajax_request=1 HTTP/1.1" 200 3113
::1 - - [22/Aug/2023:01:23:52 +0300] "GET /phpmyadmin/index.php?route=/sql/get-default-fk-check-value&ajax_request=true&server=1&_nocache=1692656632508655025&token=6e47723b537a6373694f3b6733652e63 HTTP/1.1" 200 1655
::1 - - [22/Aug/2023:01:23:53 +0300] "POST /phpmyadmin/index.php?route=/sql HTTP/1.1" 200 2253
::1 - - [22/Aug/2023:01:23:53 +0300] "POST /phpmyadmin/index.php?route=/navigation&ajax_request=1 HTTP/1.1" 200 3053
::1 - - [22/Aug/2023:01:23:57 +0300] "GET /phpmyadmin/index.php?route=/sql/get-default-fk-check-value&ajax_request=true&server=1&_nocache=1692656637377950623&token=6e47723b537a6373694f3b6733652e63 HTTP/1.1" 200 1655
::1 - - [22/Aug/2023:01:23:58 +0300] "POST /phpmyadmin/index.php?route=/sql HTTP/1.1" 200 584
::1 - - [22/Aug/2023:01:23:59 +0300] "GET /phpmyadmin/index.php?route=/sql/get-default-fk-check-value&ajax_request=true&server=1&_nocache=169265663973633037&token=6e47723b537a6373694f3b6733652e63 HTTP/1.1" 200 1655
::1 - - [22/Aug/2023:01:24:00 +0300] "POST /phpmyadmin/index.php?route=/sql HTTP/1.1" 200 2243
::1 - - [22/Aug/2023:01:24:00 +0300] "POST /phpmyadmin/index.php?route=/navigation&ajax_request=1 HTTP/1.1" 200 3005
::1 - - [22/Aug/2023:01:24:02 +0300] "GET /phpmyadmin/index.php?route=/sql/get-default-fk-check-value&ajax_request=true&server=1&_nocache=1692656642230840411&token=6e47723b537a6373694f3b6733652e63 HTTP/1.1" 200 1655
::1 - - [22/Aug/2023:01:24:03 +0300] "POST /phpmyadmin/index.php?route=/sql HTTP/1.1" 200 2258
::1 - - [22/Aug/2023:01:24:03 +0300] "POST /phpmyadmin/index.php?route=/navigation&ajax_request=1 HTTP/1.1" 200 2943
127.0.0.1 - - [22/Aug/2023:01:24:07 +0300] "POST /users/create HTTP/1.1" 200 77
::1 - - [22/Aug/2023:01:24:12 +0300] "GET /phpmyadmin/index.php?route=/database/structure&db=myfiles HTTP/1.1" 200 17962
::1 - - [22/Aug/2023:01:24:13 +0300] "POST /phpmyadmin/index.php?route=/config/get HTTP/1.1" 200 1634
::1 - - [22/Aug/2023:01:24:13 +0300] "POST /phpmyadmin/index.php?route=/navigation&ajax_request=1 HTTP/1.1" 200 3113
::1 - - [22/Aug/2023:01:24:13 +0300] "POST /phpmyadmin/index.php?route=/config/get HTTP/1.1" 200 1727
::1 - - [22/Aug/2023:01:24:13 +0300] "POST /phpmyadmin/index.php?route=/config/set HTTP/1.1" 200 1625
::1 - - [22/Aug/2023:01:24:14 +0300] "GET /phpmyadmin/index.php?route=/sql&pos=0&db=myfiles&table=directories&ajax_request=true&ajax_page_request=true&_nocache=1692656654698153516&token=6e47723b537a6373694f3b6733652e63 HTTP/1.1" 200 7045
::1 - - [22/Aug/2023:01:24:14 +0300] "GET /phpmyadmin/index.php?route=/recent-table&ajax_request=1&recent_table=1&no_debug=true&_nocache=1692656654892277422&token=6e47723b537a6373694f3b6733652e63 HTTP/1.1" 200 1705
::1 - - [22/Aug/2023:01:24:17 +0300] "GET /phpmyadmin/index.php?route=/sql&pos=0&db=myfiles&table=users&ajax_request=true&ajax_page_request=true&_nocache=1692656657277435109&token=6e47723b537a6373694f3b6733652e63 HTTP/1.1" 200 10386
::1 - - [22/Aug/2023:01:24:17 +0300] "GET /phpmyadmin/index.php?route=/recent-table&ajax_request=1&recent_table=1&no_debug=true&_nocache=1692656657457434697&token=6e47723b537a6373694f3b6733652e63 HTTP/1.1" 200 1706
::1 - - [22/Aug/2023:01:24:19 +0300] "POST /phpmyadmin/index.php HTTP/1.1" 200 2251
127.0.0.1 - - [22/Aug/2023:01:24:25 +0300] "POST /users/create HTTP/1.1" 200 -
::1 - - [22/Aug/2023:01:24:28 +0300] "GET /phpmyadmin/index.php?route=/sql&pos=0&db=myfiles&table=users HTTP/1.1" 200 20515
::1 - - [22/Aug/2023:01:24:29 +0300] "POST /phpmyadmin/index.php?route=/config/get HTTP/1.1" 200 1634
::1 - - [22/Aug/2023:01:24:29 +0300] "POST /phpmyadmin/index.php?route=/navigation&ajax_request=1 HTTP/1.1" 200 3117
::1 - - [22/Aug/2023:01:24:29 +0300] "POST /phpmyadmin/index.php?route=/config/get HTTP/1.1" 200 1727
::1 - - [22/Aug/2023:01:24:29 +0300] "GET /phpmyadmin/index.php?route=/recent-table&ajax_request=1&recent_table=1&no_debug=true&_nocache=1692656669011981934&token=6e47723b537a6373694f3b6733652e63 HTTP/1.1" 200 1706
::1 - - [22/Aug/2023:01:24:29 +0300] "POST /phpmyadmin/index.php?route=/config/set HTTP/1.1" 200 1625
::1 - - [22/Aug/2023:01:24:30 +0300] "GET /phpmyadmin/index.php?route=/sql&pos=0&db=myfiles&table=directories&ajax_request=true&ajax_page_request=true&_nocache=1692656670591827783&token=6e47723b537a6373694f3b6733652e63 HTTP/1.1" 200 9487
::1 - - [22/Aug/2023:01:24:30 +0300] "GET /phpmyadmin/index.php?route=/recent-table&ajax_request=1&recent_table=1&no_debug=true&_nocache=1692656670770842317&token=6e47723b537a6373694f3b6733652e63 HTTP/1.1" 200 1705
127.0.0.1 - - [22/Aug/2023:01:24:42 +0300] "POST /files/add HTTP/1.1" 200 51
127.0.0.1 - - [22/Aug/2023:01:25:01 +0300] "POST /directories/add HTTP/1.1" 200 -
::1 - - [22/Aug/2023:01:34:20 +0300] "POST /phpmyadmin/index.php?route=/table/change/rows HTTP/1.1" 200 90
127.0.0.1 - - [22/Aug/2023:01:42:38 +0300] "POST /directories/rename HTTP/1.1" 404 -
127.0.0.1 - - [22/Aug/2023:01:42:46 +0300] "PUT /directories/rename HTTP/1.1" 200 51
127.0.0.1 - - [22/Aug/2023:01:43:20 +0300] "PUT /directories/rename HTTP/1.1" 200 51
127.0.0.1 - - [22/Aug/2023:01:43:25 +0300] "PUT /directories/rename HTTP/1.1" 200 51
127.0.0.1 - - [22/Aug/2023:01:43:27 +0300] "PUT /directories/rename HTTP/1.1" 200 56
::1 - - [22/Aug/2023:01:48:26 +0300] "POST /phpmyadmin/index.php?route=/ HTTP/1.1" 200 1794
127.0.0.1 - - [22/Aug/2023:01:55:56 +0300] "PUT /directories/rename HTTP/1.1" 200 51
::1 - - [22/Aug/2023:01:56:24 +0300] "GET /phpmyadmin/index.php?route=/sql&pos=0&db=myfiles&table=directories HTTP/1.1" 200 19711
::1 - - [22/Aug/2023:01:56:25 +0300] "POST /phpmyadmin/index.php?route=/config/get HTTP/1.1" 200 1634
::1 - - [22/Aug/2023:01:56:25 +0300] "POST /phpmyadmin/index.php?route=/navigation&ajax_request=1 HTTP/1.1" 200 3117
::1 - - [22/Aug/2023:01:56:25 +0300] "POST /phpmyadmin/index.php?route=/config/get HTTP/1.1" 200 1727
::1 - - [22/Aug/2023:01:56:25 +0300] "GET /phpmyadmin/index.php?route=/recent-table&ajax_request=1&recent_table=1&no_debug=true&_nocache=169265858505984158&token=6e47723b537a6373694f3b6733652e63 HTTP/1.1" 200 1705
::1 - - [22/Aug/2023:01:56:25 +0300] "POST /phpmyadmin/index.php?route=/config/set HTTP/1.1" 200 1625
127.0.0.1 - - [22/Aug/2023:01:56:54 +0300] "POST /directories/add HTTP/1.1" 200 62
::1 - - [22/Aug/2023:01:56:56 +0300] "GET /phpmyadmin/index.php?route=/sql&pos=0&db=myfiles&table=directories HTTP/1.1" 200 19734
::1 - - [22/Aug/2023:01:56:57 +0300] "POST /phpmyadmin/index.php?route=/config/get HTTP/1.1" 200 1634
::1 - - [22/Aug/2023:01:56:57 +0300] "POST /phpmyadmin/index.php?route=/navigation&ajax_request=1 HTTP/1.1" 200 3117
::1 - - [22/Aug/2023:01:56:57 +0300] "POST /phpmyadmin/index.php?route=/config/get HTTP/1.1" 200 1727
::1 - - [22/Aug/2023:01:56:57 +0300] "GET /phpmyadmin/index.php?route=/recent-table&ajax_request=1&recent_table=1&no_debug=true&_nocache=1692658617088624143&token=6e47723b537a6373694f3b6733652e63 HTTP/1.1" 200 1705
::1 - - [22/Aug/2023:01:56:57 +0300] "POST /phpmyadmin/index.php?route=/config/set HTTP/1.1" 200 1625
127.0.0.1 - - [22/Aug/2023:01:57:03 +0300] "POST /directories/add HTTP/1.1" 200 62
127.0.0.1 - - [22/Aug/2023:01:57:24 +0300] "POST /directories/add HTTP/1.1" 200 62
127.0.0.1 - - [22/Aug/2023:01:57:37 +0300] "POST /directories/add HTTP/1.1" 200 62
127.0.0.1 - - [22/Aug/2023:01:57:50 +0300] "POST /directories/add HTTP/1.1" 200 62
127.0.0.1 - - [22/Aug/2023:01:59:18 +0300] "POST /directories/add HTTP/1.1" 200 60
127.0.0.1 - - [22/Aug/2023:01:59:31 +0300] "POST /directories/add HTTP/1.1" 200 64
127.0.0.1 - - [22/Aug/2023:01:59:49 +0300] "POST /directories/add HTTP/1.1" 200 60
127.0.0.1 - - [22/Aug/2023:01:59:56 +0300] "POST /directories/add HTTP/1.1" 200 64
::1 - - [22/Aug/2023:02:01:28 +0300] "GET /phpmyadmin/index.php?route=/sql&pos=0&db=myfiles&table=directories&ajax_request=true&ajax_page_request=true&_nocache=1692658888130282189&token=6e47723b537a6373694f3b6733652e63 HTTP/1.1" 200 9486
::1 - - [22/Aug/2023:02:01:28 +0300] "GET /phpmyadmin/index.php?route=/recent-table&ajax_request=1&recent_table=1&no_debug=true&_nocache=1692658888345346855&token=6e47723b537a6373694f3b6733652e63 HTTP/1.1" 200 1705
127.0.0.1 - - [22/Aug/2023:02:01:47 +0300] "POST /directories/add HTTP/1.1" 200 60
127.0.0.1 - - [22/Aug/2023:02:02:24 +0300] "POST /directories/add HTTP/1.1" 200 61
::1 - - [22/Aug/2023:02:02:30 +0300] "GET /phpmyadmin/index.php?route=/sql&pos=0&db=myfiles&table=users&ajax_request=true&ajax_page_request=true&_nocache=169265895035423204&token=6e47723b537a6373694f3b6733652e63 HTTP/1.1" 200 10393
::1 - - [22/Aug/2023:02:02:30 +0300] "GET /phpmyadmin/index.php?route=/recent-table&ajax_request=1&recent_table=1&no_debug=true&_nocache=1692658950554459598&token=6e47723b537a6373694f3b6733652e63 HTTP/1.1" 200 1706
::1 - - [22/Aug/2023:02:02:31 +0300] "GET /phpmyadmin/index.php?route=/sql&pos=0&db=myfiles&table=directories&ajax_request=true&ajax_page_request=true&_nocache=169265895188891585&token=6e47723b537a6373694f3b6733652e63 HTTP/1.1" 200 9488
::1 - - [22/Aug/2023:02:02:32 +0300] "GET /phpmyadmin/index.php?route=/recent-table&ajax_request=1&recent_table=1&no_debug=true&_nocache=1692658952071639770&token=6e47723b537a6373694f3b6733652e63 HTTP/1.1" 200 1705
127.0.0.1 - - [22/Aug/2023:02:02:50 +0300] "GET /users/logout HTTP/1.1" 200 -
127.0.0.1 - - [22/Aug/2023:02:03:28 +0300] "POST /users/login HTTP/1.1" 200 -
127.0.0.1 - - [22/Aug/2023:02:03:45 +0300] "POST /directories/add HTTP/1.1" 200 1
::1 - - [22/Aug/2023:02:03:50 +0300] "GET /phpmyadmin/index.php?route=/sql&pos=0&db=myfiles&table=directories HTTP/1.1" 200 20541
::1 - - [22/Aug/2023:02:03:50 +0300] "POST /phpmyadmin/index.php?route=/config/get HTTP/1.1" 200 1634
::1 - - [22/Aug/2023:02:03:50 +0300] "POST /phpmyadmin/index.php?route=/navigation&ajax_request=1 HTTP/1.1" 200 3117
::1 - - [22/Aug/2023:02:03:50 +0300] "GET /phpmyadmin/index.php?route=/recent-table&ajax_request=1&recent_table=1&no_debug=true&_nocache=169265903056582711&token=6e47723b537a6373694f3b6733652e63 HTTP/1.1" 200 1705
::1 - - [22/Aug/2023:02:03:50 +0300] "POST /phpmyadmin/index.php?route=/config/get HTTP/1.1" 200 1727
::1 - - [22/Aug/2023:02:03:50 +0300] "POST /phpmyadmin/index.php?route=/config/set HTTP/1.1" 200 1625
127.0.0.1 - - [22/Aug/2023:02:08:13 +0300] "POST /directories/add HTTP/1.1" 200 90
::1 - - [22/Aug/2023:02:08:19 +0300] "GET /phpmyadmin/index.php?route=/sql&pos=0&db=myfiles&table=directories HTTP/1.1" 200 20562
::1 - - [22/Aug/2023:02:08:19 +0300] "POST /phpmyadmin/index.php?route=/config/get HTTP/1.1" 200 1634
::1 - - [22/Aug/2023:02:08:19 +0300] "POST /phpmyadmin/index.php?route=/config/get HTTP/1.1" 200 1727
::1 - - [22/Aug/2023:02:08:19 +0300] "POST /phpmyadmin/index.php?route=/navigation&ajax_request=1 HTTP/1.1" 200 3117
::1 - - [22/Aug/2023:02:08:19 +0300] "GET /phpmyadmin/index.php?route=/recent-table&ajax_request=1&recent_table=1&no_debug=true&_nocache=1692659299372761197&token=6e47723b537a6373694f3b6733652e63 HTTP/1.1" 200 1705
::1 - - [22/Aug/2023:02:08:19 +0300] "POST /phpmyadmin/index.php?route=/config/set HTTP/1.1" 200 1625
127.0.0.1 - - [22/Aug/2023:02:09:01 +0300] "PUT /directories/rename HTTP/1.1" 200 -
::1 - - [22/Aug/2023:02:09:03 +0300] "GET /phpmyadmin/index.php?route=/sql&pos=0&db=myfiles&table=directories HTTP/1.1" 200 20580
::1 - - [22/Aug/2023:02:09:04 +0300] "POST /phpmyadmin/index.php?route=/config/get HTTP/1.1" 200 1634
::1 - - [22/Aug/2023:02:09:04 +0300] "POST /phpmyadmin/index.php?route=/navigation&ajax_request=1 HTTP/1.1" 200 3117
::1 - - [22/Aug/2023:02:09:04 +0300] "POST /phpmyadmin/index.php?route=/config/get HTTP/1.1" 200 1727
::1 - - [22/Aug/2023:02:09:04 +0300] "GET /phpmyadmin/index.php?route=/recent-table&ajax_request=1&recent_table=1&no_debug=true&_nocache=1692659344069726528&token=6e47723b537a6373694f3b6733652e63 HTTP/1.1" 200 1705
::1 - - [22/Aug/2023:02:09:04 +0300] "POST /phpmyadmin/index.php?route=/config/set HTTP/1.1" 200 1625
::1 - - [22/Aug/2023:02:09:14 +0300] "GET /phpmyadmin/index.php?route=/sql&pos=0&db=myfiles&table=directories HTTP/1.1" 200 20601
::1 - - [22/Aug/2023:02:09:14 +0300] "GET /phpmyadmin/themes/pmahomme/jquery/jquery-ui.css HTTP/1.1" 200 36566
::1 - - [22/Aug/2023:02:09:14 +0300] "GET /phpmyadmin/js/vendor/codemirror/lib/codemirror.css?v=5.2.1 HTTP/1.1" 200 8720
::1 - - [22/Aug/2023:02:09:14 +0300] "GET /phpmyadmin/js/vendor/codemirror/addon/hint/show-hint.css?v=5.2.1 HTTP/1.1" 200 649
::1 - - [22/Aug/2023:02:09:14 +0300] "GET /phpmyadmin/js/vendor/codemirror/addon/lint/lint.css?v=5.2.1 HTTP/1.1" 200 3035
::1 - - [22/Aug/2023:02:09:14 +0300] "GET /phpmyadmin/js/vendor/jquery/jquery.min.js?v=5.2.1 HTTP/1.1" 200 89947
::1 - - [22/Aug/2023:02:09:14 +0300] "GET /phpmyadmin/themes/pmahomme/css/theme.css?v=5.2.1 HTTP/1.1" 200 357367
::1 - - [22/Aug/2023:02:09:14 +0300] "GET /phpmyadmin/js/vendor/jquery/jquery-migrate.min.js?v=5.2.1 HTTP/1.1" 200 13467
::1 - - [22/Aug/2023:02:09:14 +0300] "GET /phpmyadmin/js/vendor/sprintf.js?v=5.2.1 HTTP/1.1" 200 7409
::1 - - [22/Aug/2023:02:09:14 +0300] "GET /phpmyadmin/js/dist/ajax.js?v=5.2.1 HTTP/1.1" 200 29948
::1 - - [22/Aug/2023:02:09:14 +0300] "GET /phpmyadmin/js/dist/keyhandler.js?v=5.2.1 HTTP/1.1" 200 2059
::1 - - [22/Aug/2023:02:09:14 +0300] "GET /phpmyadmin/js/vendor/jquery/jquery-ui.min.js?v=5.2.1 HTTP/1.1" 200 255084
::1 - - [22/Aug/2023:02:09:14 +0300] "GET /phpmyadmin/js/dist/name-conflict-fixes.js?v=5.2.1 HTTP/1.1" 200 43
::1 - - [22/Aug/2023:02:09:14 +0300] "GET /phpmyadmin/js/vendor/bootstrap/bootstrap.bundle.min.js?v=5.2.1 HTTP/1.1" 200 80420
::1 - - [22/Aug/2023:02:09:14 +0300] "GET /phpmyadmin/js/vendor/js.cookie.js?v=5.2.1 HTTP/1.1" 200 3883
::1 - - [22/Aug/2023:02:09:14 +0300] "GET /phpmyadmin/js/vendor/jquery/jquery-ui-timepicker-addon.js?v=5.2.1 HTTP/1.1" 200 78475
::1 - - [22/Aug/2023:02:09:14 +0300] "GET /phpmyadmin/js/vendor/jquery/jquery.validate.min.js?v=5.2.1 HTTP/1.1" 200 24601
::1 - - [22/Aug/2023:02:09:14 +0300] "GET /phpmyadmin/js/vendor/jquery/jquery.debounce-1.0.6.js?v=5.2.1 HTTP/1.1" 200 1608
::1 - - [22/Aug/2023:02:09:14 +0300] "GET /phpmyadmin/js/dist/menu_resizer.js?v=5.2.1 HTTP/1.1" 200 5729
::1 - - [22/Aug/2023:02:09:14 +0300] "GET /phpmyadmin/js/dist/cross_framing_protection.js?v=5.2.1 HTTP/1.1" 200 405
::1 - - [22/Aug/2023:02:09:14 +0300] "GET /phpmyadmin/js/dist/config.js?v=5.2.1 HTTP/1.1" 200 24059
::1 - - [22/Aug/2023:02:09:14 +0300] "GET /phpmyadmin/js/dist/doclinks.js?v=5.2.1 HTTP/1.1" 200 18276
::1 - - [22/Aug/2023:02:09:14 +0300] "GET /phpmyadmin/js/dist/functions.js?v=5.2.1 HTTP/1.1" 200 148069
::1 - - [22/Aug/2023:02:09:14 +0300] "GET /phpmyadmin/js/dist/navigation.js?v=5.2.1 HTTP/1.1" 200 51830
::1 - - [22/Aug/2023:02:09:14 +0300] "GET /phpmyadmin/js/dist/indexes.js?v=5.2.1 HTTP/1.1" 200 26962
::1 - - [22/Aug/2023:02:09:14 +0300] "GET /phpmyadmin/js/dist/common.js?v=5.2.1 HTTP/1.1" 200 4530
::1 - - [22/Aug/2023:02:09:14 +0300] "GET /phpmyadmin/js/dist/page_settings.js?v=5.2.1 HTTP/1.1" 200 1818
::1 - - [22/Aug/2023:02:09:14 +0300] "GET /phpmyadmin/js/vendor/jquery/jquery.uitablefilter.js?v=5.2.1 HTTP/1.1" 200 3139
::1 - - [22/Aug/2023:02:09:14 +0300] "GET /phpmyadmin/js/dist/table/change.js?v=5.2.1 HTTP/1.1" 200 29082
::1 - - [22/Aug/2023:02:09:14 +0300] "GET /phpmyadmin/js/dist/gis_data_editor.js?v=5.2.1 HTTP/1.1" 200 13582
::1 - - [22/Aug/2023:02:09:14 +0300] "GET /phpmyadmin/js/dist/multi_column_sort.js?v=5.2.1 HTTP/1.1" 200 1281
::1 - - [22/Aug/2023:02:09:14 +0300] "GET /phpmyadmin/js/dist/makegrid.js?v=5.2.1 HTTP/1.1" 200 81012
::1 - - [22/Aug/2023:02:09:14 +0300] "GET /phpmyadmin/js/dist/sql.js?v=5.2.1 HTTP/1.1" 200 35541
::1 - - [22/Aug/2023:02:09:14 +0300] "GET /phpmyadmin/js/vendor/codemirror/lib/codemirror.js?v=5.2.1 HTTP/1.1" 200 401653
::1 - - [22/Aug/2023:02:09:14 +0300] "GET /phpmyadmin/js/vendor/codemirror/addon/runmode/runmode.js?v=5.2.1 HTTP/1.1" 200 2777
::1 - - [22/Aug/2023:02:09:14 +0300] "GET /phpmyadmin/js/vendor/codemirror/mode/sql/sql.js?v=5.2.1 HTTP/1.1" 200 59564
::1 - - [22/Aug/2023:02:09:14 +0300] "GET /phpmyadmin/js/vendor/codemirror/addon/hint/sql-hint.js?v=5.2.1 HTTP/1.1" 200 9560
::1 - - [22/Aug/2023:02:09:14 +0300] "GET /phpmyadmin/js/vendor/codemirror/addon/hint/show-hint.js?v=5.2.1 HTTP/1.1" 200 19792
::1 - - [22/Aug/2023:02:09:14 +0300] "GET /phpmyadmin/js/vendor/codemirror/addon/lint/lint.js?v=5.2.1 HTTP/1.1" 200 9987
::1 - - [22/Aug/2023:02:09:14 +0300] "GET /phpmyadmin/js/vendor/tracekit.js?v=5.2.1 HTTP/1.1" 200 47128
::1 - - [22/Aug/2023:02:09:14 +0300] "GET /phpmyadmin/js/dist/codemirror/addon/lint/sql-lint.js?v=5.2.1 HTTP/1.1" 200 940
::1 - - [22/Aug/2023:02:09:14 +0300] "GET /phpmyadmin/js/dist/error_report.js?v=5.2.1 HTTP/1.1" 200 9264
::1 - - [22/Aug/2023:02:09:14 +0300] "GET /phpmyadmin/js/dist/shortcuts_handler.js?v=5.2.1 HTTP/1.1" 200 3303
::1 - - [22/Aug/2023:02:09:14 +0300] "GET /phpmyadmin/js/dist/drag_drop_import.js?v=5.2.1 HTTP/1.1" 200 12431
::1 - - [22/Aug/2023:02:09:14 +0300] "GET /phpmyadmin/js/dist/console.js?v=5.2.1 HTTP/1.1" 200 49548
