127.0.0.1 - - [24/Jul/2023:10:14:46 +0300] "POST /admin/users/create HTTP/1.1" 200 161
127.0.0.1 - - [24/Jul/2023:10:14:58 +0300] "POST /admin/users/create HTTP/1.1" 200 161
::1 - - [24/Jul/2023:10:15:04 +0300] "GET /phpmyadmin/ HTTP/1.1" 200 19571
::1 - - [24/Jul/2023:10:15:05 +0300] "GET /phpmyadmin/js/messages.php?l=ru&v=5.2.0 HTTP/1.1" 200 12729
::1 - - [24/Jul/2023:10:15:05 +0300] "POST /phpmyadmin/index.php?route=/config/get HTTP/1.1" 200 1647
::1 - - [24/Jul/2023:10:15:05 +0300] "POST /phpmyadmin/index.php?route=/navigation&ajax_request=1 HTTP/1.1" 200 2683
::1 - - [24/Jul/2023:10:15:05 +0300] "POST /phpmyadmin/index.php?route=/config/get HTTP/1.1" 200 1740
::1 - - [24/Jul/2023:10:15:05 +0300] "POST /phpmyadmin/index.php?route=/version-check HTTP/1.1" 200 64
::1 - - [24/Jul/2023:10:15:06 +0300] "POST /phpmyadmin/index.php?route=/config/set HTTP/1.1" 200 1638
::1 - - [24/Jul/2023:10:15:07 +0300] "POST /phpmyadmin/index.php?route=/navigation&ajax_request=1 HTTP/1.1" 200 2067
::1 - - [24/Jul/2023:10:15:09 +0300] "GET /phpmyadmin/index.php?route=/sql&pos=0&db=myfiles&table=users&ajax_request=true&ajax_page_request=true&_nocache=1690182909221930897&token=5b37682d24352d4d3a297b412a546e34 HTTP/1.1" 200 9614
::1 - - [24/Jul/2023:10:15:09 +0300] "GET /phpmyadmin/index.php?route=/recent-table&ajax_request=1&recent_table=1&no_debug=true&_nocache=1690182909572987464&token=5b37682d24352d4d3a297b412a546e34 HTTP/1.1" 200 1695
127.0.0.1 - - [24/Jul/2023:10:15:36 +0300] "POST /admin/users/create HTTP/1.1" 200 161
127.0.0.1 - - [24/Jul/2023:10:25:33 +0300] "POST /admin/users/create HTTP/1.1" 404 -
::1 - - [24/Jul/2023:10:25:36 +0300] "GET /phpmyadmin/index.php?route=/sql&pos=0&db=myfiles&table=users HTTP/1.1" 200 18552
::1 - - [24/Jul/2023:10:25:37 +0300] "POST /phpmyadmin/index.php?route=/config/get HTTP/1.1" 200 1649
::1 - - [24/Jul/2023:10:25:37 +0300] "POST /phpmyadmin/index.php?route=/navigation&ajax_request=1 HTTP/1.1" 200 2976
::1 - - [24/Jul/2023:10:25:37 +0300] "POST /phpmyadmin/index.php?route=/config/get HTTP/1.1" 200 1741
::1 - - [24/Jul/2023:10:25:37 +0300] "GET /phpmyadmin/index.php?route=/recent-table&ajax_request=1&recent_table=1&no_debug=true&_nocache=16901835374159&token=5b37682d24352d4d3a297b412a546e34 HTTP/1.1" 200 1695
::1 - - [24/Jul/2023:10:25:37 +0300] "POST /phpmyadmin/index.php?route=/config/set HTTP/1.1" 200 1640
127.0.0.1 - - [24/Jul/2023:10:25:46 +0300] "POST /admin/users/create HTTP/1.1" 404 -
127.0.0.1 - - [24/Jul/2023:10:26:02 +0300] "POST /users/create HTTP/1.1" 200 77
::1 - - [24/Jul/2023:10:26:05 +0300] "POST /phpmyadmin/index.php HTTP/1.1" 200 5857
::1 - - [24/Jul/2023:10:26:05 +0300] "GET /phpmyadmin/index.php?route=/recent-table&ajax_request=1&recent_table=1&no_debug=true&_nocache=1690183565977250210&token=5b37682d24352d4d3a297b412a546e34 HTTP/1.1" 200 1695
127.0.0.1 - - [24/Jul/2023:10:26:10 +0300] "POST /users/create HTTP/1.1" 200 369
::1 - - [24/Jul/2023:10:28:42 +0300] "GET /phpmyadmin/index.php?route=/sql&pos=0&db=myfiles&table=users HTTP/1.1" 200 18550
::1 - - [24/Jul/2023:10:28:43 +0300] "POST /phpmyadmin/index.php?route=/config/get HTTP/1.1" 200 1649
::1 - - [24/Jul/2023:10:28:43 +0300] "POST /phpmyadmin/index.php?route=/navigation&ajax_request=1 HTTP/1.1" 200 2976
::1 - - [24/Jul/2023:10:28:43 +0300] "POST /phpmyadmin/index.php?route=/config/get HTTP/1.1" 200 1741
::1 - - [24/Jul/2023:10:28:43 +0300] "GET /phpmyadmin/index.php?route=/recent-table&ajax_request=1&recent_table=1&no_debug=true&_nocache=1690183723117800572&token=5b37682d24352d4d3a297b412a546e34 HTTP/1.1" 200 1695
::1 - - [24/Jul/2023:10:28:43 +0300] "POST /phpmyadmin/index.php?route=/config/set HTTP/1.1" 200 1640
::1 - - [24/Jul/2023:10:28:44 +0300] "POST /phpmyadmin/index.php HTTP/1.1" 200 5855
::1 - - [24/Jul/2023:10:28:44 +0300] "GET /phpmyadmin/index.php?route=/recent-table&ajax_request=1&recent_table=1&no_debug=true&_nocache=169018372446852107&token=5b37682d24352d4d3a297b412a546e34 HTTP/1.1" 200 1695
127.0.0.1 - - [24/Jul/2023:10:28:46 +0300] "POST /users/create HTTP/1.1" 200 1
::1 - - [24/Jul/2023:10:31:47 +0300] "GET /phpmyadmin/index.php?route=/sql&pos=0&db=myfiles&table=users HTTP/1.1" 200 18549
::1 - - [24/Jul/2023:10:31:47 +0300] "POST /phpmyadmin/index.php?route=/config/get HTTP/1.1" 200 1649
::1 - - [24/Jul/2023:10:31:47 +0300] "POST /phpmyadmin/index.php?route=/navigation&ajax_request=1 HTTP/1.1" 200 2976
::1 - - [24/Jul/2023:10:31:47 +0300] "POST /phpmyadmin/index.php?route=/config/get HTTP/1.1" 200 1741
::1 - - [24/Jul/2023:10:31:47 +0300] "GET /phpmyadmin/index.php?route=/recent-table&ajax_request=1&recent_table=1&no_debug=true&_nocache=1690183907703541754&token=5b37682d24352d4d3a297b412a546e34 HTTP/1.1" 200 1695
::1 - - [24/Jul/2023:10:31:48 +0300] "POST /phpmyadmin/index.php?route=/config/set HTTP/1.1" 200 1640
::1 - - [24/Jul/2023:10:31:48 +0300] "POST /phpmyadmin/index.php HTTP/1.1" 200 5859
::1 - - [24/Jul/2023:10:31:49 +0300] "GET /phpmyadmin/index.php?route=/recent-table&ajax_request=1&recent_table=1&no_debug=true&_nocache=1690183909180307273&token=5b37682d24352d4d3a297b412a546e34 HTTP/1.1" 200 1695
127.0.0.1 - - [24/Jul/2023:10:31:51 +0300] "POST /users/create HTTP/1.1" 200 -
127.0.0.1 - - [24/Jul/2023:10:33:21 +0300] "POST /users/create HTTP/1.1" 200 102
127.0.0.1 - - [24/Jul/2023:10:35:02 +0300] "POST /users/create HTTP/1.1" 200 90
127.0.0.1 - - [24/Jul/2023:10:36:47 +0300] "POST /users/create HTTP/1.1" 200 102
::1 - - [24/Jul/2023:10:36:54 +0300] "GET /phpmyadmin/index.php?route=/sql&pos=0&db=myfiles&table=users&ajax_request=true&ajax_page_request=true&_nocache=1690184214694967987&token=5b37682d24352d4d3a297b412a546e34 HTTP/1.1" 200 9610
::1 - - [24/Jul/2023:10:36:55 +0300] "GET /phpmyadmin/index.php?route=/recent-table&ajax_request=1&recent_table=1&no_debug=true&_nocache=1690184215077787380&token=5b37682d24352d4d3a297b412a546e34 HTTP/1.1" 200 1695
::1 - - [24/Jul/2023:10:36:57 +0300] "POST /phpmyadmin/index.php HTTP/1.1" 200 2213
127.0.0.1 - - [24/Jul/2023:10:37:00 +0300] "POST /users/create HTTP/1.1" 200 25
127.0.0.1 - - [24/Jul/2023:10:38:01 +0300] "POST /users/create HTTP/1.1" 200 90
::1 - - [24/Jul/2023:10:38:36 +0300] "GET /phpmyadmin/index.php?route=/sql&pos=0&db=myfiles&table=users HTTP/1.1" 200 18551
::1 - - [24/Jul/2023:10:38:37 +0300] "POST /phpmyadmin/index.php?route=/config/get HTTP/1.1" 200 1649
::1 - - [24/Jul/2023:10:38:37 +0300] "POST /phpmyadmin/index.php?route=/navigation&ajax_request=1 HTTP/1.1" 200 2976
::1 - - [24/Jul/2023:10:38:37 +0300] "POST /phpmyadmin/index.php?route=/config/get HTTP/1.1" 200 1741
::1 - - [24/Jul/2023:10:38:37 +0300] "GET /phpmyadmin/index.php?route=/recent-table&ajax_request=1&recent_table=1&no_debug=true&_nocache=1690184317397581250&token=5b37682d24352d4d3a297b412a546e34 HTTP/1.1" 200 1695
::1 - - [24/Jul/2023:10:38:37 +0300] "POST /phpmyadmin/index.php?route=/config/set HTTP/1.1" 200 1640
::1 - - [24/Jul/2023:10:38:38 +0300] "POST /phpmyadmin/index.php HTTP/1.1" 200 5856
::1 - - [24/Jul/2023:10:38:38 +0300] "GET /phpmyadmin/index.php?route=/recent-table&ajax_request=1&recent_table=1&no_debug=true&_nocache=1690184318780535459&token=5b37682d24352d4d3a297b412a546e34 HTTP/1.1" 200 1695
127.0.0.1 - - [24/Jul/2023:10:38:41 +0300] "POST /users/create HTTP/1.1" 200 13
::1 - - [24/Jul/2023:10:38:53 +0300] "GET /phpmyadmin/index.php?route=/sql&pos=0&db=myfiles&table=users HTTP/1.1" 200 18549
::1 - - [24/Jul/2023:10:38:53 +0300] "POST /phpmyadmin/index.php?route=/config/get HTTP/1.1" 200 1649
::1 - - [24/Jul/2023:10:38:53 +0300] "POST /phpmyadmin/index.php?route=/navigation&ajax_request=1 HTTP/1.1" 200 2976
::1 - - [24/Jul/2023:10:38:53 +0300] "POST /phpmyadmin/index.php?route=/config/get HTTP/1.1" 200 1741
::1 - - [24/Jul/2023:10:38:53 +0300] "GET /phpmyadmin/index.php?route=/recent-table&ajax_request=1&recent_table=1&no_debug=true&_nocache=1690184333922126959&token=5b37682d24352d4d3a297b412a546e34 HTTP/1.1" 200 1695
::1 - - [24/Jul/2023:10:38:54 +0300] "POST /phpmyadmin/index.php?route=/config/set HTTP/1.1" 200 1640
::1 - - [24/Jul/2023:10:38:55 +0300] "POST /phpmyadmin/index.php HTTP/1.1" 200 5857
::1 - - [24/Jul/2023:10:38:56 +0300] "GET /phpmyadmin/index.php?route=/recent-table&ajax_request=1&recent_table=1&no_debug=true&_nocache=1690184336076312566&token=5b37682d24352d4d3a297b412a546e34 HTTP/1.1" 200 1695
127.0.0.1 - - [24/Jul/2023:10:38:59 +0300] "POST /users/create HTTP/1.1" 200 13
127.0.0.1 - - [24/Jul/2023:10:41:23 +0300] "GET /files/list HTTP/1.1" 200 -
127.0.0.1 - - [24/Jul/2023:10:41:25 +0300] "GET /files/list HTTP/1.1" 200 -
127.0.0.1 - - [24/Jul/2023:10:41:41 +0300] "GET /files/list HTTP/1.1" 200 -
127.0.0.1 - - [24/Jul/2023:10:42:31 +0300] "GET /files/list HTTP/1.1" 200 -
127.0.0.1 - - [24/Jul/2023:10:42:45 +0300] "GET /files/list HTTP/1.1" 200 3
127.0.0.1 - - [24/Jul/2023:10:43:04 +0300] "POST /users/login HTTP/1.1" 200 -
127.0.0.1 - - [24/Jul/2023:10:43:18 +0300] "POST /files/list HTTP/1.1" 404 -
127.0.0.1 - - [24/Jul/2023:10:43:21 +0300] "GET /files/list HTTP/1.1" 200 36
127.0.0.1 - - [24/Jul/2023:10:52:03 +0300] "GET /files/list HTTP/1.1" 200 2
::1 - - [24/Jul/2023:11:02:51 +0300] "POST /phpmyadmin/index.php?route=/ HTTP/1.1" 200 1688
::1 - - [24/Jul/2023:11:25:33 +0300] "POST /phpmyadmin/index.php?route=/ HTTP/1.1" 200 1688
::1 - - [24/Jul/2023:11:47:52 +0300] "POST /phpmyadmin/index.php?route=/ HTTP/1.1" 200 1688
::1 - - [24/Jul/2023:12:09:56 +0300] "POST /phpmyadmin/index.php?route=/ HTTP/1.1" 200 1688
::1 - - [24/Jul/2023:12:30:29 +0300] "GET /phpmyadmin/index.php?route=/database/structure&db=myfiles&ajax_request=true&ajax_page_request=true&_nocache=169019102922167125&token=5b37682d24352d4d3a297b412a546e34 HTTP/1.1" 200 6442
::1 - - [24/Jul/2023:12:30:29 +0300] "GET /phpmyadmin/themes/pmahomme/img/b_routines.png HTTP/1.1" 200 306
::1 - - [24/Jul/2023:12:30:29 +0300] "GET /phpmyadmin/themes/pmahomme/img/b_events.png HTTP/1.1" 200 703
::1 - - [24/Jul/2023:12:30:29 +0300] "GET /phpmyadmin/themes/pmahomme/img/b_relations.png HTTP/1.1" 200 140
::1 - - [24/Jul/2023:12:30:29 +0300] "GET /phpmyadmin/themes/pmahomme/img/b_no_favorite.png HTTP/1.1" 200 377
::1 - - [24/Jul/2023:12:30:29 +0300] "GET /phpmyadmin/themes/pmahomme/img/s_asc.png HTTP/1.1" 200 146
::1 - - [24/Jul/2023:12:30:29 +0300] "GET /phpmyadmin/themes/pmahomme/img/b_select.png HTTP/1.1" 200 593
::1 - - [24/Jul/2023:12:30:29 +0300] "GET /phpmyadmin/themes/pmahomme/img/b_empty.png HTTP/1.1" 200 521
::1 - - [24/Jul/2023:12:30:29 +0300] "GET /phpmyadmin/themes/pmahomme/img/b_tblanalyse.png HTTP/1.1" 200 152
::1 - - [24/Jul/2023:12:30:29 +0300] "GET /phpmyadmin/js/dist/database/structure.js?v=5.2.0 HTTP/1.1" 200 14663
::1 - - [24/Jul/2023:12:30:29 +0300] "GET /phpmyadmin/themes/pmahomme/img/s_desc.png HTTP/1.1" 200 146
::1 - - [24/Jul/2023:12:30:30 +0300] "GET /phpmyadmin/index.php?route=/sql/get-default-fk-check-value&ajax_request=true&server=1&_nocache=1690191030825770229&token=5b37682d24352d4d3a297b412a546e34 HTTP/1.1" 200 1671
::1 - - [24/Jul/2023:12:30:31 +0300] "POST /phpmyadmin/index.php?route=/sql HTTP/1.1" 200 2215
::1 - - [24/Jul/2023:12:30:32 +0300] "POST /phpmyadmin/index.php?route=/navigation&ajax_request=1 HTTP/1.1" 200 2732
127.0.0.1 - - [24/Jul/2023:12:30:35 +0300] "GET /files/list HTTP/1.1" 200 2
::1 - - [24/Jul/2023:12:30:38 +0300] "GET /phpmyadmin/index.php?route=/database/structure&db=myfiles HTTP/1.1" 200 15228
::1 - - [24/Jul/2023:12:30:39 +0300] "GET /phpmyadmin/js/messages.php?l=ru&v=5.2.0 HTTP/1.1" 200 12729
::1 - - [24/Jul/2023:12:30:39 +0300] "POST /phpmyadmin/index.php?route=/config/get HTTP/1.1" 200 1649
::1 - - [24/Jul/2023:12:30:39 +0300] "POST /phpmyadmin/index.php?route=/config/get HTTP/1.1" 200 1741
::1 - - [24/Jul/2023:12:30:39 +0300] "POST /phpmyadmin/index.php?route=/navigation&ajax_request=1 HTTP/1.1" 200 2976
::1 - - [24/Jul/2023:12:30:39 +0300] "POST /phpmyadmin/index.php?route=/config/set HTTP/1.1" 200 1640
::1 - - [24/Jul/2023:12:30:40 +0300] "GET /phpmyadmin/index.php?route=/sql&pos=0&db=myfiles&table=users&ajax_request=true&ajax_page_request=true&_nocache=169019104089589955&token=5b37682d24352d4d3a297b412a546e34 HTTP/1.1" 200 8817
::1 - - [24/Jul/2023:12:30:41 +0300] "GET /phpmyadmin/index.php?route=/recent-table&ajax_request=1&recent_table=1&no_debug=true&_nocache=1690191041165277785&token=5b37682d24352d4d3a297b412a546e34 HTTP/1.1" 200 1695
127.0.0.1 - - [24/Jul/2023:12:32:29 +0300] "POST /users/create HTTP/1.1" 200 13
::1 - - [24/Jul/2023:12:32:32 +0300] "GET /phpmyadmin/index.php?route=/sql&pos=0&db=myfiles&table=users HTTP/1.1" 200 18686
::1 - - [24/Jul/2023:12:32:32 +0300] "POST /phpmyadmin/index.php?route=/config/get HTTP/1.1" 200 1649
::1 - - [24/Jul/2023:12:32:32 +0300] "POST /phpmyadmin/index.php?route=/navigation&ajax_request=1 HTTP/1.1" 200 2976
::1 - - [24/Jul/2023:12:32:32 +0300] "POST /phpmyadmin/index.php?route=/config/get HTTP/1.1" 200 1741
::1 - - [24/Jul/2023:12:32:32 +0300] "GET /phpmyadmin/index.php?route=/recent-table&ajax_request=1&recent_table=1&no_debug=true&_nocache=1690191152961301788&token=5b37682d24352d4d3a297b412a546e34 HTTP/1.1" 200 1695
::1 - - [24/Jul/2023:12:32:33 +0300] "POST /phpmyadmin/index.php?route=/config/set HTTP/1.1" 200 1640
::1 - - [24/Jul/2023:12:34:31 +0300] "GET /phpmyadmin/index.php?route=/database/structure&db=myfiles&ajax_request=true&ajax_page_request=true&_nocache=1690191271091259761&token=5b37682d24352d4d3a297b412a546e34 HTTP/1.1" 200 6442
::1 - - [24/Jul/2023:12:34:32 +0300] "GET /phpmyadmin/index.php?route=/sql/get-default-fk-check-value&ajax_request=true&server=1&_nocache=1690191272793190199&token=5b37682d24352d4d3a297b412a546e34 HTTP/1.1" 200 1671
::1 - - [24/Jul/2023:12:34:33 +0300] "POST /phpmyadmin/index.php?route=/sql HTTP/1.1" 200 2213
::1 - - [24/Jul/2023:12:34:33 +0300] "POST /phpmyadmin/index.php?route=/navigation&ajax_request=1 HTTP/1.1" 200 2732
127.0.0.1 - - [24/Jul/2023:12:34:36 +0300] "POST /users/create HTTP/1.1" 200 124
::1 - - [24/Jul/2023:12:34:41 +0300] "GET /phpmyadmin/index.php?route=/database/structure&db=myfiles HTTP/1.1" 200 15228
::1 - - [24/Jul/2023:12:34:41 +0300] "POST /phpmyadmin/index.php?route=/config/get HTTP/1.1" 200 1649
::1 - - [24/Jul/2023:12:34:41 +0300] "POST /phpmyadmin/index.php?route=/navigation&ajax_request=1 HTTP/1.1" 200 2976
::1 - - [24/Jul/2023:12:34:41 +0300] "POST /phpmyadmin/index.php?route=/config/get HTTP/1.1" 200 1741
::1 - - [24/Jul/2023:12:34:42 +0300] "POST /phpmyadmin/index.php?route=/config/set HTTP/1.1" 200 1640
::1 - - [24/Jul/2023:12:34:43 +0300] "GET /phpmyadmin/index.php?route=/sql&pos=0&db=myfiles&table=users&ajax_request=true&ajax_page_request=true&_nocache=1690191283718540521&token=5b37682d24352d4d3a297b412a546e34 HTTP/1.1" 200 9742
::1 - - [24/Jul/2023:12:34:43 +0300] "GET /phpmyadmin/index.php?route=/recent-table&ajax_request=1&recent_table=1&no_debug=true&_nocache=1690191283995883990&token=5b37682d24352d4d3a297b412a546e34 HTTP/1.1" 200 1695
10.2.5.199 - - [24/Jul/2023:12:38:18 +0300] "GET / HTTP/1.1" 200 4
127.0.0.1 - - [24/Jul/2023:12:38:20 +0300] "GET / HTTP/1.1" 200 4
127.0.0.1 - - [24/Jul/2023:12:38:21 +0300] "GET /manual HTTP/1.1" 404 -
127.0.0.1 - - [24/Jul/2023:12:38:21 +0300] "GET /server-status HTTP/1.1" 404 -
127.0.0.1 - - [24/Jul/2023:12:38:21 +0300] "GET /server-info HTTP/1.1" 404 -
127.0.0.1 - - [24/Jul/2023:12:38:21 +0300] "GET /perl-status HTTP/1.1" 404 -
127.0.0.1 - - [24/Jul/2023:12:38:21 +0300] "PUT //xamppukg6kN_tOJEY.txt HTTP/1.1" 404 -
127.0.0.1 - - [24/Jul/2023:12:38:21 +0300] "PUT //cgi-bin/ukg6kN_tOJEY.txt HTTP/1.1" 404 296
127.0.0.1 - - [24/Jul/2023:12:38:21 +0300] "PUT //icons/ukg6kN_tOJEY.txt HTTP/1.1" 405 320
127.0.0.1 - - [24/Jul/2023:12:38:21 +0300] "PUT //php-cgi/ukg6kN_tOJEY.txt HTTP/1.1" 403 299
127.0.0.1 - - [24/Jul/2023:12:38:21 +0300] "PUT //licensesukg6kN_tOJEY.txt HTTP/1.1" 404 -
127.0.0.1 - - [24/Jul/2023:12:38:21 +0300] "PUT //phpmyadminukg6kN_tOJEY.txt HTTP/1.1" 404 -
127.0.0.1 - - [24/Jul/2023:12:38:21 +0300] "PUT //webalizerukg6kN_tOJEY.txt HTTP/1.1" 404 -
127.0.0.1 - - [24/Jul/2023:12:38:21 +0300] "GET / HTTP/1.0" 200 4
127.0.0.1 - - [24/Jul/2023:12:38:21 +0300] "GET / HTTP/1.1" 200 4
127.0.0.1 - - [24/Jul/2023:12:38:21 +0300] "GET / HTTP/1.1" 200 4
127.0.0.1 - - [24/Jul/2023:12:38:21 +0300] "GET / HTTP/1.1" 200 4
127.0.0.1 - - [24/Jul/2023:12:38:21 +0300] "GET / HTTP/1.1" 200 4
::1 - - [24/Jul/2023:12:58:39 +0300] "POST /phpmyadmin/index.php?route=/ HTTP/1.1" 200 1688
::1 - - [24/Jul/2023:13:21:19 +0300] "POST /phpmyadmin/index.php?route=/ HTTP/1.1" 200 1688
127.0.0.1 - - [24/Jul/2023:13:22:13 +0300] "POST /file/list HTTP/1.1" 404 -
127.0.0.1 - - [24/Jul/2023:13:22:16 +0300] "GET /file/list HTTP/1.1" 404 -
127.0.0.1 - - [24/Jul/2023:13:22:20 +0300] "GET /files/list HTTP/1.1" 200 1053
127.0.0.1 - - [24/Jul/2023:13:23:01 +0300] "GET /files/list HTTP/1.1" 200 1089
::1 - - [24/Jul/2023:13:23:14 +0300] "GET /phpmyadmin/index.php?route=/sql&pos=0&db=myfiles&table=users HTTP/1.1" 200 18689
::1 - - [24/Jul/2023:13:23:15 +0300] "POST /phpmyadmin/index.php?route=/config/get HTTP/1.1" 200 1649
::1 - - [24/Jul/2023:13:23:15 +0300] "POST /phpmyadmin/index.php?route=/navigation&ajax_request=1 HTTP/1.1" 200 2976
::1 - - [24/Jul/2023:13:23:15 +0300] "POST /phpmyadmin/index.php?route=/config/get HTTP/1.1" 200 1741
::1 - - [24/Jul/2023:13:23:15 +0300] "GET /phpmyadmin/index.php?route=/recent-table&ajax_request=1&recent_table=1&no_debug=true&_nocache=1690194195151822400&token=5b37682d24352d4d3a297b412a546e34 HTTP/1.1" 200 1695
::1 - - [24/Jul/2023:13:23:15 +0300] "POST /phpmyadmin/index.php?route=/config/set HTTP/1.1" 200 1640
127.0.0.1 - - [24/Jul/2023:13:23:44 +0300] "GET /users/logout HTTP/1.1" 200 -
127.0.0.1 - - [24/Jul/2023:13:23:52 +0300] "POST /users/login HTTP/1.1" 200 -
127.0.0.1 - - [24/Jul/2023:13:24:00 +0300] "POST /files/list HTTP/1.1" 404 -
127.0.0.1 - - [24/Jul/2023:13:24:03 +0300] "GET /files/list HTTP/1.1" 200 37
::1 - - [24/Jul/2023:13:59:41 +0300] "POST /phpmyadmin/index.php?route=/ HTTP/1.1" 200 1688
::1 - - [24/Jul/2023:14:23:37 +0300] "POST /phpmyadmin/index.php?route=/ HTTP/1.1" 200 1688
127.0.0.1 - - [24/Jul/2023:14:31:28 +0300] "GET /files/list HTTP/1.1" 200 2
127.0.0.1 - - [24/Jul/2023:14:31:30 +0300] "GET /files/list HTTP/1.1" 200 2
::1 - - [24/Jul/2023:14:45:13 +0300] "POST /phpmyadmin/index.php?route=/ HTTP/1.1" 200 1688
::1 - - [24/Jul/2023:15:06:27 +0300] "POST /phpmyadmin/index.php?route=/ HTTP/1.1" 200 1688
::1 - - [24/Jul/2023:15:21:35 +0300] "GET /phpmyadmin/index.php?route=/database/structure&db=myfiles&ajax_request=true&ajax_page_request=true&_nocache=1690201295883473439&token=5b37682d24352d4d3a297b412a546e34 HTTP/1.1" 200 6442
::1 - - [24/Jul/2023:15:21:38 +0300] "GET /phpmyadmin/index.php?route=/sql/get-default-fk-check-value&ajax_request=true&server=1&_nocache=1690201298471324221&token=5b37682d24352d4d3a297b412a546e34 HTTP/1.1" 200 1671
::1 - - [24/Jul/2023:15:21:39 +0300] "POST /phpmyadmin/index.php?route=/sql HTTP/1.1" 200 2215
::1 - - [24/Jul/2023:15:21:39 +0300] "POST /phpmyadmin/index.php?route=/navigation&ajax_request=1 HTTP/1.1" 200 2732
127.0.0.1 - - [24/Jul/2023:15:21:42 +0300] "GET /files/list HTTP/1.1" 200 2
::1 - - [24/Jul/2023:15:21:45 +0300] "GET /phpmyadmin/index.php?route=/database/structure&db=myfiles HTTP/1.1" 200 15459
::1 - - [24/Jul/2023:15:21:45 +0300] "GET /phpmyadmin/js/messages.php?l=ru&v=5.2.0 HTTP/1.1" 200 12729
::1 - - [24/Jul/2023:15:21:46 +0300] "GET /phpmyadmin/themes/pmahomme/img/bd_browse.png HTTP/1.1" 200 271
::1 - - [24/Jul/2023:15:21:46 +0300] "GET /phpmyadmin/themes/pmahomme/img/bd_select.png HTTP/1.1" 200 325
::1 - - [24/Jul/2023:15:21:46 +0300] "GET /phpmyadmin/themes/pmahomme/img/bd_empty.png HTTP/1.1" 200 327
::1 - - [24/Jul/2023:15:21:46 +0300] "POST /phpmyadmin/index.php?route=/config/get HTTP/1.1" 200 1741
::1 - - [24/Jul/2023:15:21:46 +0300] "POST /phpmyadmin/index.php?route=/navigation&ajax_request=1 HTTP/1.1" 200 3018
::1 - - [24/Jul/2023:15:21:46 +0300] "POST /phpmyadmin/index.php?route=/config/get HTTP/1.1" 200 1649
::1 - - [24/Jul/2023:15:21:46 +0300] "POST /phpmyadmin/index.php?route=/config/set HTTP/1.1" 200 1640
::1 - - [24/Jul/2023:15:26:16 +0300] "GET /phpmyadmin/themes/pmahomme/img/s_desc.png HTTP/1.1" 200 146
::1 - - [24/Jul/2023:15:45:41 +0300] "POST /phpmyadmin/index.php?route=/ HTTP/1.1" 200 1688
10.2.5.199 - - [24/Jul/2023:16:04:17 +0300] "GET / HTTP/1.1" 200 4
127.0.0.1 - - [24/Jul/2023:16:04:20 +0300] "GET / HTTP/1.1" 200 4
127.0.0.1 - - [24/Jul/2023:16:04:20 +0300] "GET /manual HTTP/1.1" 404 -
127.0.0.1 - - [24/Jul/2023:16:04:20 +0300] "GET /server-status HTTP/1.1" 404 -
127.0.0.1 - - [24/Jul/2023:16:04:20 +0300] "GET /server-info HTTP/1.1" 404 -
127.0.0.1 - - [24/Jul/2023:16:04:20 +0300] "GET /perl-status HTTP/1.1" 404 -
127.0.0.1 - - [24/Jul/2023:16:04:20 +0300] "PUT //xamppZTwBNpVFLsjL.txt HTTP/1.1" 404 -
127.0.0.1 - - [24/Jul/2023:16:04:20 +0300] "PUT //cgi-bin/ZTwBNpVFLsjL.txt HTTP/1.1" 404 296
127.0.0.1 - - [24/Jul/2023:16:04:20 +0300] "PUT //icons/ZTwBNpVFLsjL.txt HTTP/1.1" 405 320
127.0.0.1 - - [24/Jul/2023:16:04:20 +0300] "PUT //php-cgi/ZTwBNpVFLsjL.txt HTTP/1.1" 403 299
127.0.0.1 - - [24/Jul/2023:16:04:20 +0300] "PUT //licensesZTwBNpVFLsjL.txt HTTP/1.1" 404 -
127.0.0.1 - - [24/Jul/2023:16:04:20 +0300] "PUT //phpmyadminZTwBNpVFLsjL.txt HTTP/1.1" 404 -
127.0.0.1 - - [24/Jul/2023:16:04:20 +0300] "PUT //webalizerZTwBNpVFLsjL.txt HTTP/1.1" 404 -
127.0.0.1 - - [24/Jul/2023:16:04:20 +0300] "GET / HTTP/1.0" 200 4
127.0.0.1 - - [24/Jul/2023:16:04:20 +0300] "GET / HTTP/1.1" 200 4
127.0.0.1 - - [24/Jul/2023:16:04:20 +0300] "GET / HTTP/1.1" 200 4
127.0.0.1 - - [24/Jul/2023:16:04:21 +0300] "GET / HTTP/1.1" 200 4
127.0.0.1 - - [24/Jul/2023:16:04:21 +0300] "GET / HTTP/1.1" 200 4
::1 - - [24/Jul/2023:16:08:32 +0300] "POST /phpmyadmin/index.php?route=/ HTTP/1.1" 200 1688
10.2.5.199 - - [24/Jul/2023:16:13:53 +0300] "GET / HTTP/1.1" 200 4
127.0.0.1 - - [24/Jul/2023:16:13:57 +0300] "GET / HTTP/1.1" 200 4
127.0.0.1 - - [24/Jul/2023:16:13:57 +0300] "GET /manual HTTP/1.1" 404 -
127.0.0.1 - - [24/Jul/2023:16:13:57 +0300] "GET /server-status HTTP/1.1" 404 -
127.0.0.1 - - [24/Jul/2023:16:13:57 +0300] "GET /server-info HTTP/1.1" 404 -
127.0.0.1 - - [24/Jul/2023:16:13:57 +0300] "GET /perl-status HTTP/1.1" 404 -
127.0.0.1 - - [24/Jul/2023:16:13:57 +0300] "PUT //xamppTwEacv220F43.txt HTTP/1.1" 404 -
127.0.0.1 - - [24/Jul/2023:16:13:57 +0300] "PUT //cgi-bin/TwEacv220F43.txt HTTP/1.1" 404 296
127.0.0.1 - - [24/Jul/2023:16:13:57 +0300] "PUT //icons/TwEacv220F43.txt HTTP/1.1" 405 320
127.0.0.1 - - [24/Jul/2023:16:13:57 +0300] "PUT //php-cgi/TwEacv220F43.txt HTTP/1.1" 403 299
127.0.0.1 - - [24/Jul/2023:16:13:57 +0300] "PUT //licensesTwEacv220F43.txt HTTP/1.1" 404 -
127.0.0.1 - - [24/Jul/2023:16:13:57 +0300] "PUT //phpmyadminTwEacv220F43.txt HTTP/1.1" 404 -
127.0.0.1 - - [24/Jul/2023:16:13:57 +0300] "PUT //webalizerTwEacv220F43.txt HTTP/1.1" 404 -
127.0.0.1 - - [24/Jul/2023:16:13:57 +0300] "GET / HTTP/1.0" 200 4
127.0.0.1 - - [24/Jul/2023:16:13:57 +0300] "GET / HTTP/1.1" 200 4
127.0.0.1 - - [24/Jul/2023:16:13:57 +0300] "GET / HTTP/1.1" 200 4
127.0.0.1 - - [24/Jul/2023:16:13:58 +0300] "GET / HTTP/1.1" 200 4
127.0.0.1 - - [24/Jul/2023:16:13:58 +0300] "GET / HTTP/1.1" 200 4
::1 - - [24/Jul/2023:16:30:48 +0300] "POST /phpmyadmin/index.php?route=/ HTTP/1.1" 200 1688
::1 - - [24/Jul/2023:16:33:24 +0300] "GET /phpmyadmin/index.php?route=/sql/get-default-fk-check-value&ajax_request=true&server=1&_nocache=1690205604622100286&token=5b37682d24352d4d3a297b412a546e34 HTTP/1.1" 200 1671
::1 - - [24/Jul/2023:16:33:27 +0300] "POST /phpmyadmin/index.php?route=/sql HTTP/1.1" 200 579
::1 - - [24/Jul/2023:16:33:32 +0300] "GET /phpmyadmin/index.php?route=/sql/get-default-fk-check-value&ajax_request=true&server=1&_nocache=1690205612394988229&token=5b37682d24352d4d3a297b412a546e34 HTTP/1.1" 200 1671
::1 - - [24/Jul/2023:16:33:33 +0300] "POST /phpmyadmin/index.php?route=/sql HTTP/1.1" 200 2206
::1 - - [24/Jul/2023:16:33:33 +0300] "POST /phpmyadmin/index.php?route=/navigation&ajax_request=1 HTTP/1.1" 200 2976
::1 - - [24/Jul/2023:16:33:37 +0300] "GET /phpmyadmin/index.php?route=/sql/get-default-fk-check-value&ajax_request=true&server=1&_nocache=1690205617223570213&token=5b37682d24352d4d3a297b412a546e34 HTTP/1.1" 200 1671
::1 - - [24/Jul/2023:16:33:38 +0300] "POST /phpmyadmin/index.php?route=/sql HTTP/1.1" 200 2215
::1 - - [24/Jul/2023:16:33:38 +0300] "POST /phpmyadmin/index.php?route=/navigation&ajax_request=1 HTTP/1.1" 200 2732
127.0.0.1 - - [24/Jul/2023:16:33:45 +0300] "GET /files/list HTTP/1.1" 200 2
::1 - - [24/Jul/2023:16:33:48 +0300] "GET /phpmyadmin/index.php?route=/database/structure&db=myfiles HTTP/1.1" 200 15459
::1 - - [24/Jul/2023:16:33:48 +0300] "GET /phpmyadmin/js/messages.php?l=ru&v=5.2.0 HTTP/1.1" 200 12729
::1 - - [24/Jul/2023:16:33:48 +0300] "POST /phpmyadmin/index.php?route=/config/get HTTP/1.1" 200 1649
::1 - - [24/Jul/2023:16:33:48 +0300] "POST /phpmyadmin/index.php?route=/navigation&ajax_request=1 HTTP/1.1" 200 3018
::1 - - [24/Jul/2023:16:33:48 +0300] "POST /phpmyadmin/index.php?route=/config/get HTTP/1.1" 200 1741
::1 - - [24/Jul/2023:16:33:49 +0300] "POST /phpmyadmin/index.php?route=/config/set HTTP/1.1" 200 1640
::1 - - [24/Jul/2023:16:40:06 +0300] "GET /phpmyadmin/index.php?route=/sql/get-default-fk-check-value&ajax_request=true&server=1&_nocache=1690206006671781498&token=5b37682d24352d4d3a297b412a546e34 HTTP/1.1" 200 1671
::1 - - [24/Jul/2023:16:40:07 +0300] "POST /phpmyadmin/index.php?route=/sql HTTP/1.1" 200 579
::1 - - [24/Jul/2023:16:40:09 +0300] "GET /phpmyadmin/index.php?route=/sql/get-default-fk-check-value&ajax_request=true&server=1&_nocache=1690206009343251850&token=5b37682d24352d4d3a297b412a546e34 HTTP/1.1" 200 1671
::1 - - [24/Jul/2023:16:40:10 +0300] "POST /phpmyadmin/index.php?route=/sql HTTP/1.1" 200 2204
::1 - - [24/Jul/2023:16:40:10 +0300] "POST /phpmyadmin/index.php?route=/navigation&ajax_request=1 HTTP/1.1" 200 2976
::1 - - [24/Jul/2023:16:40:11 +0300] "GET /phpmyadmin/index.php?route=/sql/get-default-fk-check-value&ajax_request=true&server=1&_nocache=1690206011462672239&token=5b37682d24352d4d3a297b412a546e34 HTTP/1.1" 200 1671
::1 - - [24/Jul/2023:16:40:12 +0300] "POST /phpmyadmin/index.php?route=/sql HTTP/1.1" 200 2215
::1 - - [24/Jul/2023:16:40:12 +0300] "POST /phpmyadmin/index.php?route=/navigation&ajax_request=1 HTTP/1.1" 200 2732
127.0.0.1 - - [24/Jul/2023:16:40:16 +0300] "GET /files/list HTTP/1.1" 200 2
::1 - - [24/Jul/2023:16:40:19 +0300] "GET /phpmyadmin/index.php?route=/database/structure&db=myfiles HTTP/1.1" 200 15682
::1 - - [24/Jul/2023:16:40:19 +0300] "POST /phpmyadmin/index.php?route=/config/get HTTP/1.1" 200 1649
::1 - - [24/Jul/2023:16:40:19 +0300] "POST /phpmyadmin/index.php?route=/navigation&ajax_request=1 HTTP/1.1" 200 3065
::1 - - [24/Jul/2023:16:40:19 +0300] "POST /phpmyadmin/index.php?route=/config/get HTTP/1.1" 200 1741
::1 - - [24/Jul/2023:16:40:20 +0300] "POST /phpmyadmin/index.php?route=/config/set HTTP/1.1" 200 1640
::1 - - [24/Jul/2023:16:40:23 +0300] "GET /phpmyadmin/index.php?route=/sql&db=myfiles&table=access&pos=0&ajax_request=true&ajax_page_request=true&_nocache=1690206023955165376&token=5b37682d24352d4d3a297b412a546e34 HTTP/1.1" 200 6428
::1 - - [24/Jul/2023:16:40:24 +0300] "GET /phpmyadmin/index.php?route=/recent-table&ajax_request=1&recent_table=1&no_debug=true&_nocache=1690206024204252225&token=5b37682d24352d4d3a297b412a546e34 HTTP/1.1" 200 1708
::1 - - [24/Jul/2023:16:40:27 +0300] "GET /phpmyadmin/index.php?route=%2Fdatabase%2Fstructure&db=myfiles&server=1&ajax_request=true&ajax_page_request=true&_nocache=1690206027346905293&token=5b37682d24352d4d3a297b412a546e34 HTTP/1.1" 200 6910
::1 - - [24/Jul/2023:16:40:33 +0300] "GET /phpmyadmin/index.php?route=/sql&db=myfiles&table=files&pos=0&ajax_request=true&ajax_page_request=true&_nocache=1690206033034687554&token=5b37682d24352d4d3a297b412a546e34 HTTP/1.1" 200 6427
::1 - - [24/Jul/2023:16:40:33 +0300] "GET /phpmyadmin/index.php?route=/recent-table&ajax_request=1&recent_table=1&no_debug=true&_nocache=1690206033244911000&token=5b37682d24352d4d3a297b412a546e34 HTTP/1.1" 200 1714
::1 - - [24/Jul/2023:16:40:35 +0300] "GET /phpmyadmin/index.php?route=%2Fdatabase%2Fstructure&db=myfiles&server=1&ajax_request=true&ajax_page_request=true&_nocache=1690206035434739230&token=5b37682d24352d4d3a297b412a546e34 HTTP/1.1" 200 6910
::1 - - [24/Jul/2023:16:40:36 +0300] "GET /phpmyadmin/index.php?route=/sql&db=myfiles&table=users&pos=0&ajax_request=true&ajax_page_request=true&_nocache=1690206036642526658&token=5b37682d24352d4d3a297b412a546e34 HTTP/1.1" 200 8820
::1 - - [24/Jul/2023:16:40:37 +0300] "GET /phpmyadmin/index.php?route=/recent-table&ajax_request=1&recent_table=1&no_debug=true&_nocache=1690206037042248129&token=5b37682d24352d4d3a297b412a546e34 HTTP/1.1" 200 1716
::1 - - [24/Jul/2023:16:40:39 +0300] "GET /phpmyadmin/index.php?route=%2Fdatabase%2Fstructure&db=myfiles&server=1&ajax_request=true&ajax_page_request=true&_nocache=16902060395635920&token=5b37682d24352d4d3a297b412a546e34 HTTP/1.1" 200 6910
::1 - - [24/Jul/2023:16:46:03 +0300] "GET /phpmyadmin/index.php?route=/sql&db=myfiles&table=users&pos=0&ajax_request=true&ajax_page_request=true&_nocache=1690206363130702131&token=5b37682d24352d4d3a297b412a546e34 HTTP/1.1" 200 8816
::1 - - [24/Jul/2023:16:46:03 +0300] "GET /phpmyadmin/index.php?route=/recent-table&ajax_request=1&recent_table=1&no_debug=true&_nocache=1690206363413406741&token=5b37682d24352d4d3a297b412a546e34 HTTP/1.1" 200 1716
::1 - - [24/Jul/2023:16:46:06 +0300] "GET /phpmyadmin/index.php?route=/sql&pos=0&db=myfiles&table=files&ajax_request=true&ajax_page_request=true&_nocache=1690206366224125102&token=5b37682d24352d4d3a297b412a546e34 HTTP/1.1" 200 6425
::1 - - [24/Jul/2023:16:46:06 +0300] "GET /phpmyadmin/index.php?route=/recent-table&ajax_request=1&recent_table=1&no_debug=true&_nocache=1690206366427255647&token=5b37682d24352d4d3a297b412a546e34 HTTP/1.1" 200 1715
::1 - - [24/Jul/2023:16:46:08 +0300] "GET /phpmyadmin/index.php?route=/sql&pos=0&db=myfiles&table=access&ajax_request=true&ajax_page_request=true&_nocache=1690206368052663208&token=5b37682d24352d4d3a297b412a546e34 HTTP/1.1" 200 6424
::1 - - [24/Jul/2023:16:46:08 +0300] "GET /phpmyadmin/index.php?route=/recent-table&ajax_request=1&recent_table=1&no_debug=true&_nocache=1690206368280573237&token=5b37682d24352d4d3a297b412a546e34 HTTP/1.1" 200 1717
::1 - - [24/Jul/2023:16:46:09 +0300] "GET /phpmyadmin/index.php?route=/sql&pos=0&db=myfiles&table=files&ajax_request=true&ajax_page_request=true&_nocache=169020636922940085&token=5b37682d24352d4d3a297b412a546e34 HTTP/1.1" 200 6425
::1 - - [24/Jul/2023:16:46:09 +0300] "GET /phpmyadmin/index.php?route=/recent-table&ajax_request=1&recent_table=1&no_debug=true&_nocache=1690206369419881806&token=5b37682d24352d4d3a297b412a546e34 HTTP/1.1" 200 1714
::1 - - [24/Jul/2023:16:46:09 +0300] "GET /phpmyadmin/index.php?route=/sql&pos=0&db=myfiles&table=users&ajax_request=true&ajax_page_request=true&_nocache=1690206369954127772&token=5b37682d24352d4d3a297b412a546e34 HTTP/1.1" 200 8819
::1 - - [24/Jul/2023:16:46:10 +0300] "GET /phpmyadmin/index.php?route=/recent-table&ajax_request=1&recent_table=1&no_debug=true&_nocache=1690206370159673715&token=5b37682d24352d4d3a297b412a546e34 HTTP/1.1" 200 1716
127.0.0.1 - - [24/Jul/2023:16:48:55 +0300] "GET /files/list HTTP/1.1" 200 2
127.0.0.1 - - [24/Jul/2023:16:49:01 +0300] "GET /users/list HTTP/1.1" 200 47
127.0.0.1 - - [24/Jul/2023:16:49:21 +0300] "POST /users/login HTTP/1.1" 200 -
127.0.0.1 - - [24/Jul/2023:16:49:38 +0300] "GET /admin/users/list HTTP/1.1" 200 122
127.0.0.1 - - [24/Jul/2023:16:50:27 +0300] "GET /users/list HTTP/1.1" 200 47
127.0.0.1 - - [24/Jul/2023:16:53:08 +0300] "GET /users/list HTTP/1.1" 200 47
127.0.0.1 - - [24/Jul/2023:16:53:10 +0300] "GET /users/list HTTP/1.1" 200 47
::1 - - [24/Jul/2023:16:56:38 +0300] "GET /phpmyadmin/index.php?route=/sql&pos=0&db=myfiles&table=files&ajax_request=true&ajax_page_request=true&_nocache=1690206998115282604&token=5b37682d24352d4d3a297b412a546e34 HTTP/1.1" 200 6428
::1 - - [24/Jul/2023:16:56:38 +0300] "GET /phpmyadmin/index.php?route=/recent-table&ajax_request=1&recent_table=1&no_debug=true&_nocache=1690206998367687852&token=5b37682d24352d4d3a297b412a546e34 HTTP/1.1" 200 1715
::1 - - [24/Jul/2023:16:56:39 +0300] "GET /phpmyadmin/index.php?route=/sql&pos=0&db=myfiles&table=access&ajax_request=true&ajax_page_request=true&_nocache=1690206999151660665&token=5b37682d24352d4d3a297b412a546e34 HTTP/1.1" 200 6427
::1 - - [24/Jul/2023:16:56:39 +0300] "GET /phpmyadmin/index.php?route=/recent-table&ajax_request=1&recent_table=1&no_debug=true&_nocache=1690206999406660312&token=5b37682d24352d4d3a297b412a546e34 HTTP/1.1" 200 1717
::1 - - [24/Jul/2023:16:56:40 +0300] "GET /phpmyadmin/index.php?route=/sql&pos=0&db=myfiles&table=users&ajax_request=true&ajax_page_request=true&_nocache=1690207000314752309&token=5b37682d24352d4d3a297b412a546e34 HTTP/1.1" 200 8819
::1 - - [24/Jul/2023:16:56:40 +0300] "GET /phpmyadmin/index.php?route=/recent-table&ajax_request=1&recent_table=1&no_debug=true&_nocache=1690207000565104958&token=5b37682d24352d4d3a297b412a546e34 HTTP/1.1" 200 1717
::1 - - [24/Jul/2023:16:56:41 +0300] "GET /phpmyadmin/index.php?route=/sql&pos=0&db=myfiles&table=files&ajax_request=true&ajax_page_request=true&_nocache=1690207001739159599&token=5b37682d24352d4d3a297b412a546e34 HTTP/1.1" 200 6427
::1 - - [24/Jul/2023:16:56:41 +0300] "GET /phpmyadmin/index.php?route=/recent-table&ajax_request=1&recent_table=1&no_debug=true&_nocache=169020700195012635&token=5b37682d24352d4d3a297b412a546e34 HTTP/1.1" 200 1715
::1 - - [24/Jul/2023:16:56:42 +0300] "GET /phpmyadmin/index.php?route=/sql&pos=0&db=myfiles&table=access&ajax_request=true&ajax_page_request=true&_nocache=1690207002927679814&token=5b37682d24352d4d3a297b412a546e34 HTTP/1.1" 200 6427
::1 - - [24/Jul/2023:16:56:43 +0300] "GET /phpmyadmin/index.php?route=/recent-table&ajax_request=1&recent_table=1&no_debug=true&_nocache=1690207003188705375&token=5b37682d24352d4d3a297b412a546e34 HTTP/1.1" 200 1717
127.0.0.1 - - [24/Jul/2023:17:07:00 +0300] "GET /users/list HTTP/1.1" 200 47
127.0.0.1 - - [24/Jul/2023:17:07:02 +0300] "GET /users/list HTTP/1.1" 200 47
::1 - - [24/Jul/2023:17:20:39 +0300] "POST /phpmyadmin/index.php?route=/ HTTP/1.1" 200 1688
127.0.0.1 - - [24/Jul/2023:17:23:28 +0300] "GET /users/list HTTP/1.1" 200 47
127.0.0.1 - - [24/Jul/2023:17:23:32 +0300] "GET /users/list HTTP/1.1" 200 47
127.0.0.1 - - [24/Jul/2023:17:23:49 +0300] "GET /users/list HTTP/1.1" 200 53
127.0.0.1 - - [24/Jul/2023:17:24:02 +0300] "PUT /users/list HTTP/1.1" 404 -
127.0.0.1 - - [24/Jul/2023:17:24:06 +0300] "POST /users/list HTTP/1.1" 404 -
127.0.0.1 - - [24/Jul/2023:17:24:08 +0300] "GET /users/list HTTP/1.1" 200 47
127.0.0.1 - - [24/Jul/2023:17:24:14 +0300] "GET /users/logout HTTP/1.1" 200 -
127.0.0.1 - - [24/Jul/2023:17:24:28 +0300] "GET /admin/users/list HTTP/1.1" 200 34
127.0.0.1 - - [24/Jul/2023:17:24:44 +0300] "POST /users/login HTTP/1.1" 200 -
127.0.0.1 - - [24/Jul/2023:17:24:54 +0300] "GET /admin/users/list HTTP/1.1" 200 122
